Archive member included to satisfy reference by file (symbol)

c:/st/stm32cubeide_1.5.0/stm32cubeide/plugins/com.st.stm32cube.ide.mcu.externaltools.gnu-tools-for-stm32.7-2018-q2-update.win32_1.5.0.202011040924/tools/bin/../lib/gcc/arm-none-eabi/7.3.1/../../../../arm-none-eabi/lib/thumb/v7-m\libc_nano.a(lib_a-errno.o)
                              Core/Src/syscalls.o (__errno)
c:/st/stm32cubeide_1.5.0/stm32cubeide/plugins/com.st.stm32cube.ide.mcu.externaltools.gnu-tools-for-stm32.7-2018-q2-update.win32_1.5.0.202011040924/tools/bin/../lib/gcc/arm-none-eabi/7.3.1/../../../../arm-none-eabi/lib/thumb/v7-m\libc_nano.a(lib_a-exit.o)
                              c:/st/stm32cubeide_1.5.0/stm32cubeide/plugins/com.st.stm32cube.ide.mcu.externaltools.gnu-tools-for-stm32.7-2018-q2-update.win32_1.5.0.202011040924/tools/bin/../lib/gcc/arm-none-eabi/7.3.1/../../../../arm-none-eabi/lib/thumb/v7-m/crt0.o (exit)
c:/st/stm32cubeide_1.5.0/stm32cubeide/plugins/com.st.stm32cube.ide.mcu.externaltools.gnu-tools-for-stm32.7-2018-q2-update.win32_1.5.0.202011040924/tools/bin/../lib/gcc/arm-none-eabi/7.3.1/../../../../arm-none-eabi/lib/thumb/v7-m\libc_nano.a(lib_a-impure.o)
                              c:/st/stm32cubeide_1.5.0/stm32cubeide/plugins/com.st.stm32cube.ide.mcu.externaltools.gnu-tools-for-stm32.7-2018-q2-update.win32_1.5.0.202011040924/tools/bin/../lib/gcc/arm-none-eabi/7.3.1/../../../../arm-none-eabi/lib/thumb/v7-m\libc_nano.a(lib_a-exit.o) (_global_impure_ptr)
c:/st/stm32cubeide_1.5.0/stm32cubeide/plugins/com.st.stm32cube.ide.mcu.externaltools.gnu-tools-for-stm32.7-2018-q2-update.win32_1.5.0.202011040924/tools/bin/../lib/gcc/arm-none-eabi/7.3.1/../../../../arm-none-eabi/lib/thumb/v7-m\libc_nano.a(lib_a-init.o)
                              c:/st/stm32cubeide_1.5.0/stm32cubeide/plugins/com.st.stm32cube.ide.mcu.externaltools.gnu-tools-for-stm32.7-2018-q2-update.win32_1.5.0.202011040924/tools/bin/../lib/gcc/arm-none-eabi/7.3.1/../../../../arm-none-eabi/lib/thumb/v7-m/crt0.o (__libc_init_array)
c:/st/stm32cubeide_1.5.0/stm32cubeide/plugins/com.st.stm32cube.ide.mcu.externaltools.gnu-tools-for-stm32.7-2018-q2-update.win32_1.5.0.202011040924/tools/bin/../lib/gcc/arm-none-eabi/7.3.1/../../../../arm-none-eabi/lib/thumb/v7-m\libc_nano.a(lib_a-memset.o)
                              c:/st/stm32cubeide_1.5.0/stm32cubeide/plugins/com.st.stm32cube.ide.mcu.externaltools.gnu-tools-for-stm32.7-2018-q2-update.win32_1.5.0.202011040924/tools/bin/../lib/gcc/arm-none-eabi/7.3.1/../../../../arm-none-eabi/lib/thumb/v7-m/crt0.o (memset)
c:/st/stm32cubeide_1.5.0/stm32cubeide/plugins/com.st.stm32cube.ide.mcu.externaltools.gnu-tools-for-stm32.7-2018-q2-update.win32_1.5.0.202011040924/tools/bin/../lib/gcc/arm-none-eabi/7.3.1/thumb/v7-m\libgcc.a(_aeabi_uldivmod.o)
                              Drivers/STM32L1xx_HAL_Driver/Src/stm32l1xx_hal_rcc.o (__aeabi_uldivmod)
c:/st/stm32cubeide_1.5.0/stm32cubeide/plugins/com.st.stm32cube.ide.mcu.externaltools.gnu-tools-for-stm32.7-2018-q2-update.win32_1.5.0.202011040924/tools/bin/../lib/gcc/arm-none-eabi/7.3.1/thumb/v7-m\libgcc.a(_udivmoddi4.o)
                              c:/st/stm32cubeide_1.5.0/stm32cubeide/plugins/com.st.stm32cube.ide.mcu.externaltools.gnu-tools-for-stm32.7-2018-q2-update.win32_1.5.0.202011040924/tools/bin/../lib/gcc/arm-none-eabi/7.3.1/thumb/v7-m\libgcc.a(_aeabi_uldivmod.o) (__udivmoddi4)
c:/st/stm32cubeide_1.5.0/stm32cubeide/plugins/com.st.stm32cube.ide.mcu.externaltools.gnu-tools-for-stm32.7-2018-q2-update.win32_1.5.0.202011040924/tools/bin/../lib/gcc/arm-none-eabi/7.3.1/thumb/v7-m\libgcc.a(_dvmd_tls.o)
                              c:/st/stm32cubeide_1.5.0/stm32cubeide/plugins/com.st.stm32cube.ide.mcu.externaltools.gnu-tools-for-stm32.7-2018-q2-update.win32_1.5.0.202011040924/tools/bin/../lib/gcc/arm-none-eabi/7.3.1/thumb/v7-m\libgcc.a(_aeabi_uldivmod.o) (__aeabi_ldiv0)

Allocating common symbols
Common symbol       size              file

hUsbDeviceFS        0x29c             USB_DEVICE/App/usb_device.o
uwTick              0x4               Drivers/STM32L1xx_HAL_Driver/Src/stm32l1xx_hal.o
pFlash              0x18              Drivers/STM32L1xx_HAL_Driver/Src/stm32l1xx_hal_flash.o
js                  0x2c              Core/Src/joystick.o
htim2               0x40              Core/Src/main.o
hdma_adc            0x44              Core/Src/main.o
hpcd_USB_FS         0x2ec             USB_DEVICE/Target/usbd_conf.o
hadc                0x54              Core/Src/main.o
USBD_StrDesc        0x200             USB_DEVICE/App/usbd_desc.o
controllerHID       0x5               Core/Src/main.o

Discarded input sections

 .text          0x0000000000000000        0x0 c:/st/stm32cubeide_1.5.0/stm32cubeide/plugins/com.st.stm32cube.ide.mcu.externaltools.gnu-tools-for-stm32.7-2018-q2-update.win32_1.5.0.202011040924/tools/bin/../lib/gcc/arm-none-eabi/7.3.1/thumb/v7-m/crti.o
[...]
Memory Configuration

Name             Origin             Length             Attributes
RAM              0x0000000020000000 0x0000000000008000 xrw
FLASH            0x0000000008000000 0x0000000000010000 xr
*default*        0x0000000000000000 0xffffffffffffffff

Linker script and memory map

LOAD c:/st/stm32cubeide_1.5.0/stm32cubeide/plugins/com.st.stm32cube.ide.mcu.externaltools.gnu-tools-for-stm32.7-2018-q2-update.win32_1.5.0.202011040924/tools/bin/../lib/gcc/arm-none-eabi/7.3.1/thumb/v7-m/crti.o
LOAD c:/st/stm32cubeide_1.5.0/stm32cubeide/plugins/com.st.stm32cube.ide.mcu.externaltools.gnu-tools-for-stm32.7-2018-q2-update.win32_1.5.0.202011040924/tools/bin/../lib/gcc/arm-none-eabi/7.3.1/thumb/v7-m/crtbegin.o
LOAD c:/st/stm32cubeide_1.5.0/stm32cubeide/plugins/com.st.stm32cube.ide.mcu.externaltools.gnu-tools-for-stm32.7-2018-q2-update.win32_1.5.0.202011040924/tools/bin/../lib/gcc/arm-none-eabi/7.3.1/../../../../arm-none-eabi/lib/thumb/v7-m/crt0.o
LOAD Core/Src/joystick.o
LOAD Core/Src/main.o
LOAD Core/Src/stm32l1xx_hal_msp.o
LOAD Core/Src/stm32l1xx_it.o
LOAD Core/Src/syscalls.o
LOAD Core/Src/sysmem.o
LOAD Core/Src/system_stm32l1xx.o
LOAD Core/Startup/startup_stm32l151c8txa.o
LOAD Drivers/STM32L1xx_HAL_Driver/Src/stm32l1xx_hal.o
LOAD Drivers/STM32L1xx_HAL_Driver/Src/stm32l1xx_hal_adc.o
LOAD Drivers/STM32L1xx_HAL_Driver/Src/stm32l1xx_hal_adc_ex.o
LOAD Drivers/STM32L1xx_HAL_Driver/Src/stm32l1xx_hal_cortex.o
LOAD Drivers/STM32L1xx_HAL_Driver/Src/stm32l1xx_hal_dma.o
LOAD Drivers/STM32L1xx_HAL_Driver/Src/stm32l1xx_hal_exti.o
LOAD Drivers/STM32L1xx_HAL_Driver/Src/stm32l1xx_hal_flash.o
LOAD Drivers/STM32L1xx_HAL_Driver/Src/stm32l1xx_hal_flash_ex.o
LOAD Drivers/STM32L1xx_HAL_Driver/Src/stm32l1xx_hal_flash_ramfunc.o
LOAD Drivers/STM32L1xx_HAL_Driver/Src/stm32l1xx_hal_gpio.o
LOAD Drivers/STM32L1xx_HAL_Driver/Src/stm32l1xx_hal_pcd.o
LOAD Drivers/STM32L1xx_HAL_Driver/Src/stm32l1xx_hal_pcd_ex.o
LOAD Drivers/STM32L1xx_HAL_Driver/Src/stm32l1xx_hal_pwr.o
LOAD Drivers/STM32L1xx_HAL_Driver/Src/stm32l1xx_hal_pwr_ex.o
LOAD Drivers/STM32L1xx_HAL_Driver/Src/stm32l1xx_hal_rcc.o
LOAD Drivers/STM32L1xx_HAL_Driver/Src/stm32l1xx_hal_rcc_ex.o
LOAD Drivers/STM32L1xx_HAL_Driver/Src/stm32l1xx_hal_tim.o
LOAD Drivers/STM32L1xx_HAL_Driver/Src/stm32l1xx_hal_tim_ex.o
LOAD Drivers/STM32L1xx_HAL_Driver/Src/stm32l1xx_ll_usb.o
LOAD Middlewares/ST/STM32_USB_Device_Library/Class/CustomHID/Src/usbd_customhid.o
LOAD Middlewares/ST/STM32_USB_Device_Library/Core/Src/usbd_core.o
LOAD Middlewares/ST/STM32_USB_Device_Library/Core/Src/usbd_ctlreq.o
LOAD Middlewares/ST/STM32_USB_Device_Library/Core/Src/usbd_ioreq.o
LOAD USB_DEVICE/App/usb_device.o
LOAD USB_DEVICE/App/usbd_custom_hid_if.o
LOAD USB_DEVICE/App/usbd_desc.o
LOAD USB_DEVICE/Target/usbd_conf.o
START GROUP
LOAD c:/st/stm32cubeide_1.5.0/stm32cubeide/plugins/com.st.stm32cube.ide.mcu.externaltools.gnu-tools-for-stm32.7-2018-q2-update.win32_1.5.0.202011040924/tools/bin/../lib/gcc/arm-none-eabi/7.3.1/../../../../arm-none-eabi/lib/thumb/v7-m\libc_nano.a
LOAD c:/st/stm32cubeide_1.5.0/stm32cubeide/plugins/com.st.stm32cube.ide.mcu.externaltools.gnu-tools-for-stm32.7-2018-q2-update.win32_1.5.0.202011040924/tools/bin/../lib/gcc/arm-none-eabi/7.3.1/../../../../arm-none-eabi/lib/thumb/v7-m\libm.a
END GROUP
START GROUP
LOAD c:/st/stm32cubeide_1.5.0/stm32cubeide/plugins/com.st.stm32cube.ide.mcu.externaltools.gnu-tools-for-stm32.7-2018-q2-update.win32_1.5.0.202011040924/tools/bin/../lib/gcc/arm-none-eabi/7.3.1/thumb/v7-m\libgcc.a
LOAD c:/st/stm32cubeide_1.5.0/stm32cubeide/plugins/com.st.stm32cube.ide.mcu.externaltools.gnu-tools-for-stm32.7-2018-q2-update.win32_1.5.0.202011040924/tools/bin/../lib/gcc/arm-none-eabi/7.3.1/../../../../arm-none-eabi/lib/thumb/v7-m\libc_nano.a
END GROUP
START GROUP
LOAD c:/st/stm32cubeide_1.5.0/stm32cubeide/plugins/com.st.stm32cube.ide.mcu.externaltools.gnu-tools-for-stm32.7-2018-q2-update.win32_1.5.0.202011040924/tools/bin/../lib/gcc/arm-none-eabi/7.3.1/thumb/v7-m\libgcc.a
LOAD c:/st/stm32cubeide_1.5.0/stm32cubeide/plugins/com.st.stm32cube.ide.mcu.externaltools.gnu-tools-for-stm32.7-2018-q2-update.win32_1.5.0.202011040924/tools/bin/../lib/gcc/arm-none-eabi/7.3.1/../../../../arm-none-eabi/lib/thumb/v7-m\libc_nano.a
LOAD c:/st/stm32cubeide_1.5.0/stm32cubeide/plugins/com.st.stm32cube.ide.mcu.externaltools.gnu-tools-for-stm32.7-2018-q2-update.win32_1.5.0.202011040924/tools/bin/../lib/gcc/arm-none-eabi/7.3.1/../../../../arm-none-eabi/lib/thumb/v7-m\libnosys.a
END GROUP
START GROUP
LOAD c:/st/stm32cubeide_1.5.0/stm32cubeide/plugins/com.st.stm32cube.ide.mcu.externaltools.gnu-tools-for-stm32.7-2018-q2-update.win32_1.5.0.202011040924/tools/bin/../lib/gcc/arm-none-eabi/7.3.1/thumb/v7-m\libgcc.a
LOAD c:/st/stm32cubeide_1.5.0/stm32cubeide/plugins/com.st.stm32cube.ide.mcu.externaltools.gnu-tools-for-stm32.7-2018-q2-update.win32_1.5.0.202011040924/tools/bin/../lib/gcc/arm-none-eabi/7.3.1/../../../../arm-none-eabi/lib/thumb/v7-m\libc_nano.a
LOAD c:/st/stm32cubeide_1.5.0/stm32cubeide/plugins/com.st.stm32cube.ide.mcu.externaltools.gnu-tools-for-stm32.7-2018-q2-update.win32_1.5.0.202011040924/tools/bin/../lib/gcc/arm-none-eabi/7.3.1/../../../../arm-none-eabi/lib/thumb/v7-m\libnosys.a
END GROUP
LOAD c:/st/stm32cubeide_1.5.0/stm32cubeide/plugins/com.st.stm32cube.ide.mcu.externaltools.gnu-tools-for-stm32.7-2018-q2-update.win32_1.5.0.202011040924/tools/bin/../lib/gcc/arm-none-eabi/7.3.1/thumb/v7-m/crtend.o
LOAD c:/st/stm32cubeide_1.5.0/stm32cubeide/plugins/com.st.stm32cube.ide.mcu.externaltools.gnu-tools-for-stm32.7-2018-q2-update.win32_1.5.0.202011040924/tools/bin/../lib/gcc/arm-none-eabi/7.3.1/thumb/v7-m/crtn.o
                0x0000000020008000                _estack = (ORIGIN (RAM) + LENGTH (RAM))
                0x0000000000000200                _Min_Heap_Size = 0x200
                0x0000000000000400                _Min_Stack_Size = 0x400

.isr_vector     0x0000000008000000      0x13c
                0x0000000008000000                . = ALIGN (0x4)
 *(.isr_vector)
 .isr_vector    0x0000000008000000      0x13c Core/Startup/startup_stm32l151c8txa.o
                0x0000000008000000                g_pfnVectors
                0x000000000800013c                . = ALIGN (0x4)

.text           0x000000000800013c     0x85e0
                0x000000000800013c                . = ALIGN (0x4)
 *(.text)
 .text          0x000000000800013c       0x40 c:/st/stm32cubeide_1.5.0/stm32cubeide/plugins/com.st.stm32cube.ide.mcu.externaltools.gnu-tools-for-stm32.7-2018-q2-update.win32_1.5.0.202011040924/tools/bin/../lib/gcc/arm-none-eabi/7.3.1/thumb/v7-m/crtbegin.o
 .text          0x000000000800017c       0x30 c:/st/stm32cubeide_1.5.0/stm32cubeide/plugins/com.st.stm32cube.ide.mcu.externaltools.gnu-tools-for-stm32.7-2018-q2-update.win32_1.5.0.202011040924/tools/bin/../lib/gcc/arm-none-eabi/7.3.1/thumb/v7-m\libgcc.a(_aeabi_uldivmod.o)
                0x000000000800017c                __aeabi_uldivmod
 .text          0x00000000080001ac      0x2d0 c:/st/stm32cubeide_1.5.0/stm32cubeide/plugins/com.st.stm32cube.ide.mcu.externaltools.gnu-tools-for-stm32.7-2018-q2-update.win32_1.5.0.202011040924/tools/bin/../lib/gcc/arm-none-eabi/7.3.1/thumb/v7-m\libgcc.a(_udivmoddi4.o)
                0x00000000080001ac                __udivmoddi4
 .text          0x000000000800047c        0x4 c:/st/stm32cubeide_1.5.0/stm32cubeide/plugins/com.st.stm32cube.ide.mcu.externaltools.gnu-tools-for-stm32.7-2018-q2-update.win32_1.5.0.202011040924/tools/bin/../lib/gcc/arm-none-eabi/7.3.1/thumb/v7-m\libgcc.a(_dvmd_tls.o)
                0x000000000800047c                __aeabi_idiv0
                0x000000000800047c                __aeabi_ldiv0
 *(.text*)
 .text.Init_Joysticks
                0x0000000008000480       0xa8 Core/Src/joystick.o
                0x0000000008000480                Init_Joysticks
 .text.Calibrate_Joysticks
                0x0000000008000528       0x9c Core/Src/joystick.o
                0x0000000008000528                Calibrate_Joysticks
 .text.Update_Bounds
                0x00000000080005c4       0x62 Core/Src/joystick.o
                0x00000000080005c4                Update_Bounds
 *fill*         0x0000000008000626        0x2 
 .text.Map_Values
                0x0000000008000628       0x80 Core/Src/joystick.o
                0x0000000008000628                Map_Values
 .text.Update_Values
                0x00000000080006a8       0x74 Core/Src/joystick.o
                0x00000000080006a8                Update_Values
 .text.map      0x000000000800071c       0xbc Core/Src/joystick.o
                0x000000000800071c                map
 .text.absolute
                0x00000000080007d8       0x1a Core/Src/joystick.o
                0x00000000080007d8                absolute
 *fill*         0x00000000080007f2        0x2 
 .text.main     0x00000000080007f4       0x60 Core/Src/main.o
                0x00000000080007f4                main
 .text.SystemClock_Config
                0x0000000008000854       0xa0 Core/Src/main.o
                0x0000000008000854                SystemClock_Config
 .text.MX_ADC_Init
                0x00000000080008f4       0xd4 Core/Src/main.o
 .text.MX_TIM2_Init
                0x00000000080009c8       0x98 Core/Src/main.o
 .text.MX_DMA_Init
                0x0000000008000a60       0x3c Core/Src/main.o
 .text.MX_GPIO_Init
                0x0000000008000a9c       0x70 Core/Src/main.o
 .text.HAL_ADC_ConvCpltCallback
                0x0000000008000b0c       0x20 Core/Src/main.o
                0x0000000008000b0c                HAL_ADC_ConvCpltCallback
 .text.HAL_TIM_PeriodElapsedCallback
                0x0000000008000b2c       0xa0 Core/Src/main.o
                0x0000000008000b2c                HAL_TIM_PeriodElapsedCallback
 .text.Error_Handler
                0x0000000008000bcc        0x8 Core/Src/main.o
                0x0000000008000bcc                Error_Handler
 .text.HAL_MspInit
                0x0000000008000bd4       0x5c Core/Src/stm32l1xx_hal_msp.o
                0x0000000008000bd4                HAL_MspInit
 .text.HAL_ADC_MspInit
                0x0000000008000c30       0xd8 Core/Src/stm32l1xx_hal_msp.o
                0x0000000008000c30                HAL_ADC_MspInit
 .text.HAL_TIM_Base_MspInit
                0x0000000008000d08       0x48 Core/Src/stm32l1xx_hal_msp.o
                0x0000000008000d08                HAL_TIM_Base_MspInit
 .text.NMI_Handler
                0x0000000008000d50        0x6 Core/Src/stm32l1xx_it.o
                0x0000000008000d50                NMI_Handler
 .text.HardFault_Handler
                0x0000000008000d56        0x6 Core/Src/stm32l1xx_it.o
                0x0000000008000d56                HardFault_Handler
 .text.MemManage_Handler
                0x0000000008000d5c        0x6 Core/Src/stm32l1xx_it.o
                0x0000000008000d5c                MemManage_Handler
 .text.BusFault_Handler
                0x0000000008000d62        0x6 Core/Src/stm32l1xx_it.o
                0x0000000008000d62                BusFault_Handler
 .text.UsageFault_Handler
                0x0000000008000d68        0x6 Core/Src/stm32l1xx_it.o
                0x0000000008000d68                UsageFault_Handler
 .text.SVC_Handler
                0x0000000008000d6e        0xc Core/Src/stm32l1xx_it.o
                0x0000000008000d6e                SVC_Handler
 .text.DebugMon_Handler
                0x0000000008000d7a        0xc Core/Src/stm32l1xx_it.o
                0x0000000008000d7a                DebugMon_Handler
 .text.PendSV_Handler
                0x0000000008000d86        0xc Core/Src/stm32l1xx_it.o
                0x0000000008000d86                PendSV_Handler
 .text.SysTick_Handler
                0x0000000008000d92        0xc Core/Src/stm32l1xx_it.o
                0x0000000008000d92                SysTick_Handler
 *fill*         0x0000000008000d9e        0x2 
 .text.DMA1_Channel1_IRQHandler
                0x0000000008000da0       0x14 Core/Src/stm32l1xx_it.o
                0x0000000008000da0                DMA1_Channel1_IRQHandler
 .text.USB_HP_IRQHandler
                0x0000000008000db4       0x14 Core/Src/stm32l1xx_it.o
                0x0000000008000db4                USB_HP_IRQHandler
 .text.USB_LP_IRQHandler
                0x0000000008000dc8       0x14 Core/Src/stm32l1xx_it.o
                0x0000000008000dc8                USB_LP_IRQHandler
 .text.TIM2_IRQHandler
                0x0000000008000ddc       0x14 Core/Src/stm32l1xx_it.o
                0x0000000008000ddc                TIM2_IRQHandler
 .text.SystemInit
                0x0000000008000df0       0x18 Core/Src/system_stm32l1xx.o
                0x0000000008000df0                SystemInit
 .text.Reset_Handler
                0x0000000008000e08       0x48 Core/Startup/startup_stm32l151c8txa.o
                0x0000000008000e08                Reset_Handler
 .text.Default_Handler
                0x0000000008000e50        0x2 Core/Startup/startup_stm32l151c8txa.o
                0x0000000008000e50                RTC_Alarm_IRQHandler
                0x0000000008000e50                EXTI2_IRQHandler
                0x0000000008000e50                TIM10_IRQHandler
                0x0000000008000e50                TIM6_IRQHandler
                0x0000000008000e50                PVD_IRQHandler
                0x0000000008000e50                EXTI3_IRQHandler
                0x0000000008000e50                EXTI0_IRQHandler
                0x0000000008000e50                I2C2_EV_IRQHandler
                0x0000000008000e50                SPI1_IRQHandler
                0x0000000008000e50                USB_FS_WKUP_IRQHandler
                0x0000000008000e50                DMA1_Channel4_IRQHandler
                0x0000000008000e50                ADC1_IRQHandler
                0x0000000008000e50                USART3_IRQHandler
                0x0000000008000e50                DMA1_Channel7_IRQHandler
                0x0000000008000e50                TIM4_IRQHandler
                0x0000000008000e50                I2C1_EV_IRQHandler
                0x0000000008000e50                DMA1_Channel6_IRQHandler
                0x0000000008000e50                TIM3_IRQHandler
                0x0000000008000e50                RCC_IRQHandler
                0x0000000008000e50                Default_Handler
                0x0000000008000e50                EXTI15_10_IRQHandler
                0x0000000008000e50                TIM7_IRQHandler
                0x0000000008000e50                EXTI9_5_IRQHandler
                0x0000000008000e50                TIM9_IRQHandler
                0x0000000008000e50                TAMPER_STAMP_IRQHandler
                0x0000000008000e50                RTC_WKUP_IRQHandler
                0x0000000008000e50                SPI2_IRQHandler
                0x0000000008000e50                DMA1_Channel5_IRQHandler
                0x0000000008000e50                EXTI4_IRQHandler
                0x0000000008000e50                DMA1_Channel3_IRQHandler
                0x0000000008000e50                COMP_IRQHandler
                0x0000000008000e50                WWDG_IRQHandler
                0x0000000008000e50                DAC_IRQHandler
                0x0000000008000e50                EXTI1_IRQHandler
                0x0000000008000e50                TIM11_IRQHandler
                0x0000000008000e50                USART2_IRQHandler
                0x0000000008000e50                I2C2_ER_IRQHandler
                0x0000000008000e50                DMA1_Channel2_IRQHandler
                0x0000000008000e50                FLASH_IRQHandler
                0x0000000008000e50                USART1_IRQHandler
                0x0000000008000e50                I2C1_ER_IRQHandler
 .text.HAL_Init
                0x0000000008000e52       0x30 Drivers/STM32L1xx_HAL_Driver/Src/stm32l1xx_hal.o
                0x0000000008000e52                HAL_Init
 *fill*         0x0000000008000e82        0x2 
 .text.HAL_InitTick
                0x0000000008000e84       0x74 Drivers/STM32L1xx_HAL_Driver/Src/stm32l1xx_hal.o
                0x0000000008000e84                HAL_InitTick
 .text.HAL_IncTick
                0x0000000008000ef8       0x24 Drivers/STM32L1xx_HAL_Driver/Src/stm32l1xx_hal.o
                0x0000000008000ef8                HAL_IncTick
 .text.HAL_GetTick
                0x0000000008000f1c       0x14 Drivers/STM32L1xx_HAL_Driver/Src/stm32l1xx_hal.o
                0x0000000008000f1c                HAL_GetTick
 .text.HAL_ADC_Init
                0x0000000008000f30      0x28c Drivers/STM32L1xx_HAL_Driver/Src/stm32l1xx_hal_adc.o
                0x0000000008000f30                HAL_ADC_Init
 .text.HAL_ADC_Start_DMA
                0x00000000080011bc      0x11c Drivers/STM32L1xx_HAL_Driver/Src/stm32l1xx_hal_adc.o
                0x00000000080011bc                HAL_ADC_Start_DMA
 .text.HAL_ADC_Stop_DMA
                0x00000000080012d8       0x82 Drivers/STM32L1xx_HAL_Driver/Src/stm32l1xx_hal_adc.o
                0x00000000080012d8                HAL_ADC_Stop_DMA
 .text.HAL_ADC_ConvHalfCpltCallback
                0x000000000800135a       0x12 Drivers/STM32L1xx_HAL_Driver/Src/stm32l1xx_hal_adc.o
                0x000000000800135a                HAL_ADC_ConvHalfCpltCallback
 .text.HAL_ADC_ErrorCallback
                0x000000000800136c       0x12 Drivers/STM32L1xx_HAL_Driver/Src/stm32l1xx_hal_adc.o
                0x000000000800136c                HAL_ADC_ErrorCallback
 *fill*         0x000000000800137e        0x2 
 .text.HAL_ADC_ConfigChannel
                0x0000000008001380      0x2a0 Drivers/STM32L1xx_HAL_Driver/Src/stm32l1xx_hal_adc.o
                0x0000000008001380                HAL_ADC_ConfigChannel
 .text.ADC_Enable
                0x0000000008001620       0xac Drivers/STM32L1xx_HAL_Driver/Src/stm32l1xx_hal_adc.o
                0x0000000008001620                ADC_Enable
 .text.ADC_ConversionStop_Disable
                0x00000000080016cc       0x74 Drivers/STM32L1xx_HAL_Driver/Src/stm32l1xx_hal_adc.o
                0x00000000080016cc                ADC_ConversionStop_Disable
 .text.ADC_DMAConvCplt
                0x0000000008001740       0xa8 Drivers/STM32L1xx_HAL_Driver/Src/stm32l1xx_hal_adc.o
 .text.ADC_DMAHalfConvCplt
                0x00000000080017e8       0x1c Drivers/STM32L1xx_HAL_Driver/Src/stm32l1xx_hal_adc.o
 .text.ADC_DMAError
                0x0000000008001804       0x34 Drivers/STM32L1xx_HAL_Driver/Src/stm32l1xx_hal_adc.o
 .text.__NVIC_SetPriorityGrouping
                0x0000000008001838       0x48 Drivers/STM32L1xx_HAL_Driver/Src/stm32l1xx_hal_cortex.o
 .text.__NVIC_GetPriorityGrouping
                0x0000000008001880       0x1c Drivers/STM32L1xx_HAL_Driver/Src/stm32l1xx_hal_cortex.o
 .text.__NVIC_EnableIRQ
                0x000000000800189c       0x38 Drivers/STM32L1xx_HAL_Driver/Src/stm32l1xx_hal_cortex.o
 .text.__NVIC_SetPriority
                0x00000000080018d4       0x54 Drivers/STM32L1xx_HAL_Driver/Src/stm32l1xx_hal_cortex.o
 .text.NVIC_EncodePriority
                0x0000000008001928       0x64 Drivers/STM32L1xx_HAL_Driver/Src/stm32l1xx_hal_cortex.o
 .text.SysTick_Config
                0x000000000800198c       0x44 Drivers/STM32L1xx_HAL_Driver/Src/stm32l1xx_hal_cortex.o
 .text.HAL_NVIC_SetPriorityGrouping
                0x00000000080019d0       0x16 Drivers/STM32L1xx_HAL_Driver/Src/stm32l1xx_hal_cortex.o
                0x00000000080019d0                HAL_NVIC_SetPriorityGrouping
 .text.HAL_NVIC_SetPriority
                0x00000000080019e6       0x38 Drivers/STM32L1xx_HAL_Driver/Src/stm32l1xx_hal_cortex.o
                0x00000000080019e6                HAL_NVIC_SetPriority
 .text.HAL_NVIC_EnableIRQ
                0x0000000008001a1e       0x1c Drivers/STM32L1xx_HAL_Driver/Src/stm32l1xx_hal_cortex.o
                0x0000000008001a1e                HAL_NVIC_EnableIRQ
 .text.HAL_SYSTICK_Config
                0x0000000008001a3a       0x18 Drivers/STM32L1xx_HAL_Driver/Src/stm32l1xx_hal_cortex.o
                0x0000000008001a3a                HAL_SYSTICK_Config
 *fill*         0x0000000008001a52        0x2 
 .text.HAL_DMA_Init
                0x0000000008001a54       0xb0 Drivers/STM32L1xx_HAL_Driver/Src/stm32l1xx_hal_dma.o
                0x0000000008001a54                HAL_DMA_Init
 .text.HAL_DMA_Start_IT
                0x0000000008001b04       0xc0 Drivers/STM32L1xx_HAL_Driver/Src/stm32l1xx_hal_dma.o
                0x0000000008001b04                HAL_DMA_Start_IT
 .text.HAL_DMA_Abort
                0x0000000008001bc4       0x7a Drivers/STM32L1xx_HAL_Driver/Src/stm32l1xx_hal_dma.o
                0x0000000008001bc4                HAL_DMA_Abort
 .text.HAL_DMA_IRQHandler
                0x0000000008001c3e      0x15e Drivers/STM32L1xx_HAL_Driver/Src/stm32l1xx_hal_dma.o
                0x0000000008001c3e                HAL_DMA_IRQHandler
 .text.DMA_SetConfig
                0x0000000008001d9c       0x5e Drivers/STM32L1xx_HAL_Driver/Src/stm32l1xx_hal_dma.o
 *fill*         0x0000000008001dfa        0x2 
 .text.HAL_GPIO_Init
                0x0000000008001dfc      0x2fc Drivers/STM32L1xx_HAL_Driver/Src/stm32l1xx_hal_gpio.o
                0x0000000008001dfc                HAL_GPIO_Init
 .text.HAL_PCD_Init
                0x00000000080020f8      0x1bc Drivers/STM32L1xx_HAL_Driver/Src/stm32l1xx_hal_pcd.o
                0x00000000080020f8                HAL_PCD_Init
 .text.HAL_PCD_Start
                0x00000000080022b4       0x4c Drivers/STM32L1xx_HAL_Driver/Src/stm32l1xx_hal_pcd.o
                0x00000000080022b4                HAL_PCD_Start
 .text.HAL_PCD_IRQHandler
                0x0000000008002300      0x1ee Drivers/STM32L1xx_HAL_Driver/Src/stm32l1xx_hal_pcd.o
                0x0000000008002300                HAL_PCD_IRQHandler
 .text.HAL_PCD_SetAddress
                0x00000000080024ee       0x4a Drivers/STM32L1xx_HAL_Driver/Src/stm32l1xx_hal_pcd.o
                0x00000000080024ee                HAL_PCD_SetAddress
 .text.HAL_PCD_EP_Open
                0x0000000008002538       0xcc Drivers/STM32L1xx_HAL_Driver/Src/stm32l1xx_hal_pcd.o
                0x0000000008002538                HAL_PCD_EP_Open
 .text.HAL_PCD_EP_Close
                0x0000000008002604       0x90 Drivers/STM32L1xx_HAL_Driver/Src/stm32l1xx_hal_pcd.o
                0x0000000008002604                HAL_PCD_EP_Close
 .text.HAL_PCD_EP_Receive
                0x0000000008002694       0x7a Drivers/STM32L1xx_HAL_Driver/Src/stm32l1xx_hal_pcd.o
                0x0000000008002694                HAL_PCD_EP_Receive
 .text.HAL_PCD_EP_Transmit
                0x000000000800270e       0x86 Drivers/STM32L1xx_HAL_Driver/Src/stm32l1xx_hal_pcd.o
                0x000000000800270e                HAL_PCD_EP_Transmit
 .text.HAL_PCD_EP_SetStall
                0x0000000008002794       0xc0 Drivers/STM32L1xx_HAL_Driver/Src/stm32l1xx_hal_pcd.o
                0x0000000008002794                HAL_PCD_EP_SetStall
 .text.HAL_PCD_EP_ClrStall
                0x0000000008002854       0xa8 Drivers/STM32L1xx_HAL_Driver/Src/stm32l1xx_hal_pcd.o
                0x0000000008002854                HAL_PCD_EP_ClrStall
 .text.PCD_EP_ISR_Handler
                0x00000000080028fc      0x5e6 Drivers/STM32L1xx_HAL_Driver/Src/stm32l1xx_hal_pcd.o
 .text.HAL_PCD_EP_DB_Receive
                0x0000000008002ee2      0x21a Drivers/STM32L1xx_HAL_Driver/Src/stm32l1xx_hal_pcd.o
 .text.HAL_PCD_EP_DB_Transmit
                0x00000000080030fc      0x53a Drivers/STM32L1xx_HAL_Driver/Src/stm32l1xx_hal_pcd.o
 .text.HAL_PCDEx_PMAConfig
                0x0000000008003636       0x84 Drivers/STM32L1xx_HAL_Driver/Src/stm32l1xx_hal_pcd_ex.o
                0x0000000008003636                HAL_PCDEx_PMAConfig
 *fill*         0x00000000080036ba        0x2 
 .text.HAL_RCC_OscConfig
                0x00000000080036bc      0x660 Drivers/STM32L1xx_HAL_Driver/Src/stm32l1xx_hal_rcc.o
                0x00000000080036bc                HAL_RCC_OscConfig
 .text.HAL_RCC_ClockConfig
                0x0000000008003d1c      0x268 Drivers/STM32L1xx_HAL_Driver/Src/stm32l1xx_hal_rcc.o
                0x0000000008003d1c                HAL_RCC_ClockConfig
 .text.HAL_RCC_GetSysClockFreq
                0x0000000008003f84      0x144 Drivers/STM32L1xx_HAL_Driver/Src/stm32l1xx_hal_rcc.o
                0x0000000008003f84                HAL_RCC_GetSysClockFreq
 .text.RCC_SetFlashLatencyFromMSIRange
                0x00000000080040c8       0xc0 Drivers/STM32L1xx_HAL_Driver/Src/stm32l1xx_hal_rcc.o
 .text.HAL_TIM_Base_Init
                0x0000000008004188       0x7e Drivers/STM32L1xx_HAL_Driver/Src/stm32l1xx_hal_tim.o
                0x0000000008004188                HAL_TIM_Base_Init
 *fill*         0x0000000008004206        0x2 
 .text.HAL_TIM_Base_Start_IT
                0x0000000008004208       0xa4 Drivers/STM32L1xx_HAL_Driver/Src/stm32l1xx_hal_tim.o
                0x0000000008004208                HAL_TIM_Base_Start_IT
 .text.HAL_TIM_IRQHandler
                0x00000000080042ac      0x1b8 Drivers/STM32L1xx_HAL_Driver/Src/stm32l1xx_hal_tim.o
                0x00000000080042ac                HAL_TIM_IRQHandler
 .text.HAL_TIM_ConfigClockSource
                0x0000000008004464      0x16e Drivers/STM32L1xx_HAL_Driver/Src/stm32l1xx_hal_tim.o
                0x0000000008004464                HAL_TIM_ConfigClockSource
 .text.HAL_TIM_OC_DelayElapsedCallback
                0x00000000080045d2       0x12 Drivers/STM32L1xx_HAL_Driver/Src/stm32l1xx_hal_tim.o
                0x00000000080045d2                HAL_TIM_OC_DelayElapsedCallback
 .text.HAL_TIM_IC_CaptureCallback
                0x00000000080045e4       0x12 Drivers/STM32L1xx_HAL_Driver/Src/stm32l1xx_hal_tim.o
                0x00000000080045e4                HAL_TIM_IC_CaptureCallback
 .text.HAL_TIM_PWM_PulseFinishedCallback
                0x00000000080045f6       0x12 Drivers/STM32L1xx_HAL_Driver/Src/stm32l1xx_hal_tim.o
                0x00000000080045f6                HAL_TIM_PWM_PulseFinishedCallback
 .text.HAL_TIM_TriggerCallback
                0x0000000008004608       0x12 Drivers/STM32L1xx_HAL_Driver/Src/stm32l1xx_hal_tim.o
                0x0000000008004608                HAL_TIM_TriggerCallback
 *fill*         0x000000000800461a        0x2 
 .text.TIM_Base_SetConfig
                0x000000000800461c       0xc4 Drivers/STM32L1xx_HAL_Driver/Src/stm32l1xx_hal_tim.o
 .text.TIM_TI1_ConfigInputStage
                0x00000000080046e0       0x5c Drivers/STM32L1xx_HAL_Driver/Src/stm32l1xx_hal_tim.o
 .text.TIM_TI2_ConfigInputStage
                0x000000000800473c       0x5e Drivers/STM32L1xx_HAL_Driver/Src/stm32l1xx_hal_tim.o
 .text.TIM_ITRx_SetConfig
                0x000000000800479a       0x34 Drivers/STM32L1xx_HAL_Driver/Src/stm32l1xx_hal_tim.o
 .text.TIM_ETR_SetConfig
                0x00000000080047ce       0x3e Drivers/STM32L1xx_HAL_Driver/Src/stm32l1xx_hal_tim.o
 .text.HAL_TIMEx_MasterConfigSynchronization
                0x000000000800480c       0xbc Drivers/STM32L1xx_HAL_Driver/Src/stm32l1xx_hal_tim_ex.o
                0x000000000800480c                HAL_TIMEx_MasterConfigSynchronization
 .text.USB_EnableGlobalInt
                0x00000000080048c8       0x2c Drivers/STM32L1xx_HAL_Driver/Src/stm32l1xx_ll_usb.o
                0x00000000080048c8                USB_EnableGlobalInt
 .text.USB_DisableGlobalInt
                0x00000000080048f4       0x34 Drivers/STM32L1xx_HAL_Driver/Src/stm32l1xx_ll_usb.o
                0x00000000080048f4                USB_DisableGlobalInt
 .text.USB_DevInit
                0x0000000008004928       0x40 Drivers/STM32L1xx_HAL_Driver/Src/stm32l1xx_ll_usb.o
                0x0000000008004928                USB_DevInit
 .text.USB_ActivateEndpoint
                0x0000000008004968      0x6d4 Drivers/STM32L1xx_HAL_Driver/Src/stm32l1xx_ll_usb.o
                0x0000000008004968                USB_ActivateEndpoint
 .text.USB_DeactivateEndpoint
                0x000000000800503c      0x3d8 Drivers/STM32L1xx_HAL_Driver/Src/stm32l1xx_ll_usb.o
                0x000000000800503c                USB_DeactivateEndpoint
 .text.USB_EPStartXfer
                0x0000000008005414     0x125e Drivers/STM32L1xx_HAL_Driver/Src/stm32l1xx_ll_usb.o
                0x0000000008005414                USB_EPStartXfer
 .text.USB_EPSetStall
                0x0000000008006672       0xa0 Drivers/STM32L1xx_HAL_Driver/Src/stm32l1xx_ll_usb.o
                0x0000000008006672                USB_EPSetStall
 .text.USB_EPClearStall
                0x0000000008006712      0x15a Drivers/STM32L1xx_HAL_Driver/Src/stm32l1xx_ll_usb.o
                0x0000000008006712                USB_EPClearStall
 .text.USB_SetDevAddress
                0x000000000800686c       0x26 Drivers/STM32L1xx_HAL_Driver/Src/stm32l1xx_ll_usb.o
                0x000000000800686c                USB_SetDevAddress
 .text.USB_DevConnect
                0x0000000008006892       0x14 Drivers/STM32L1xx_HAL_Driver/Src/stm32l1xx_ll_usb.o
                0x0000000008006892                USB_DevConnect
 .text.USB_ReadInterrupts
                0x00000000080068a6       0x1e Drivers/STM32L1xx_HAL_Driver/Src/stm32l1xx_ll_usb.o
                0x00000000080068a6                USB_ReadInterrupts
 .text.USB_EP0_OutStart
                0x00000000080068c4       0x16 Drivers/STM32L1xx_HAL_Driver/Src/stm32l1xx_ll_usb.o
                0x00000000080068c4                USB_EP0_OutStart
 .text.USB_WritePMA
                0x00000000080068da       0x88 Drivers/STM32L1xx_HAL_Driver/Src/stm32l1xx_ll_usb.o
                0x00000000080068da                USB_WritePMA
 .text.USB_ReadPMA
                0x0000000008006962       0x9e Drivers/STM32L1xx_HAL_Driver/Src/stm32l1xx_ll_usb.o
                0x0000000008006962                USB_ReadPMA
 .text.USBD_CUSTOM_HID_Init
                0x0000000008006a00       0x82 Middlewares/ST/STM32_USB_Device_Library/Class/CustomHID/Src/usbd_customhid.o
 .text.USBD_CUSTOM_HID_DeInit
                0x0000000008006a82       0x5c Middlewares/ST/STM32_USB_Device_Library/Class/CustomHID/Src/usbd_customhid.o
 *fill*         0x0000000008006ade        0x2 
 .text.USBD_CUSTOM_HID_Setup
                0x0000000008006ae0      0x200 Middlewares/ST/STM32_USB_Device_Library/Class/CustomHID/Src/usbd_customhid.o
 .text.USBD_CUSTOM_HID_SendReport
                0x0000000008006ce0       0x4a Middlewares/ST/STM32_USB_Device_Library/Class/CustomHID/Src/usbd_customhid.o
                0x0000000008006ce0                USBD_CUSTOM_HID_SendReport
 *fill*         0x0000000008006d2a        0x2 
 .text.USBD_CUSTOM_HID_GetFSCfgDesc
                0x0000000008006d2c       0x20 Middlewares/ST/STM32_USB_Device_Library/Class/CustomHID/Src/usbd_customhid.o
 .text.USBD_CUSTOM_HID_GetHSCfgDesc
                0x0000000008006d4c       0x20 Middlewares/ST/STM32_USB_Device_Library/Class/CustomHID/Src/usbd_customhid.o
 .text.USBD_CUSTOM_HID_GetOtherSpeedCfgDesc
                0x0000000008006d6c       0x20 Middlewares/ST/STM32_USB_Device_Library/Class/CustomHID/Src/usbd_customhid.o
 .text.USBD_CUSTOM_HID_DataIn
                0x0000000008006d8c       0x22 Middlewares/ST/STM32_USB_Device_Library/Class/CustomHID/Src/usbd_customhid.o
 .text.USBD_CUSTOM_HID_DataOut
                0x0000000008006dae       0x3e Middlewares/ST/STM32_USB_Device_Library/Class/CustomHID/Src/usbd_customhid.o
 .text.USBD_CUSTOM_HID_EP0_RxReady
                0x0000000008006dec       0x3c Middlewares/ST/STM32_USB_Device_Library/Class/CustomHID/Src/usbd_customhid.o
 .text.USBD_CUSTOM_HID_GetDeviceQualifierDesc
                0x0000000008006e28       0x20 Middlewares/ST/STM32_USB_Device_Library/Class/CustomHID/Src/usbd_customhid.o
 .text.USBD_CUSTOM_HID_RegisterInterface
                0x0000000008006e48       0x2c Middlewares/ST/STM32_USB_Device_Library/Class/CustomHID/Src/usbd_customhid.o
                0x0000000008006e48                USBD_CUSTOM_HID_RegisterInterface
 .text.USBD_Init
                0x0000000008006e74       0x56 Middlewares/ST/STM32_USB_Device_Library/Core/Src/usbd_core.o
                0x0000000008006e74                USBD_Init
 .text.USBD_RegisterClass
                0x0000000008006eca       0x32 Middlewares/ST/STM32_USB_Device_Library/Core/Src/usbd_core.o
                0x0000000008006eca                USBD_RegisterClass
 .text.USBD_Start
                0x0000000008006efc       0x18 Middlewares/ST/STM32_USB_Device_Library/Core/Src/usbd_core.o
                0x0000000008006efc                USBD_Start
 .text.USBD_RunTestMode
                0x0000000008006f14       0x14 Middlewares/ST/STM32_USB_Device_Library/Core/Src/usbd_core.o
                0x0000000008006f14                USBD_RunTestMode
 .text.USBD_SetClassConfig
                0x0000000008006f28       0x3e Middlewares/ST/STM32_USB_Device_Library/Core/Src/usbd_core.o
                0x0000000008006f28                USBD_SetClassConfig
 .text.USBD_ClrClassConfig
                0x0000000008006f66       0x26 Middlewares/ST/STM32_USB_Device_Library/Core/Src/usbd_core.o
                0x0000000008006f66                USBD_ClrClassConfig
 .text.USBD_LL_SetupStage
                0x0000000008006f8c       0x96 Middlewares/ST/STM32_USB_Device_Library/Core/Src/usbd_core.o
                0x0000000008006f8c                USBD_LL_SetupStage
 .text.USBD_LL_DataOutStage
                0x0000000008007022       0xe2 Middlewares/ST/STM32_USB_Device_Library/Core/Src/usbd_core.o
                0x0000000008007022                USBD_LL_DataOutStage
 .text.USBD_LL_DataInStage
                0x0000000008007104      0x14a Middlewares/ST/STM32_USB_Device_Library/Core/Src/usbd_core.o
                0x0000000008007104                USBD_LL_DataInStage
 .text.USBD_LL_Reset
                0x000000000800724e       0x82 Middlewares/ST/STM32_USB_Device_Library/Core/Src/usbd_core.o
                0x000000000800724e                USBD_LL_Reset
 .text.USBD_LL_SetSpeed
                0x00000000080072d0       0x1e Middlewares/ST/STM32_USB_Device_Library/Core/Src/usbd_core.o
                0x00000000080072d0                USBD_LL_SetSpeed
 .text.USBD_LL_Suspend
                0x00000000080072ee       0x28 Middlewares/ST/STM32_USB_Device_Library/Core/Src/usbd_core.o
                0x00000000080072ee                USBD_LL_Suspend
 .text.USBD_LL_Resume
                0x0000000008007316       0x20 Middlewares/ST/STM32_USB_Device_Library/Core/Src/usbd_core.o
                0x0000000008007316                USBD_LL_Resume
 .text.USBD_LL_SOF
                0x0000000008007336       0x34 Middlewares/ST/STM32_USB_Device_Library/Core/Src/usbd_core.o
                0x0000000008007336                USBD_LL_SOF
 *fill*         0x000000000800736a        0x2 
 .text.USBD_StdDevReq
                0x000000000800736c       0xd4 Middlewares/ST/STM32_USB_Device_Library/Core/Src/usbd_ctlreq.o
                0x000000000800736c                USBD_StdDevReq
 .text.USBD_StdItfReq
                0x0000000008007440       0x8c Middlewares/ST/STM32_USB_Device_Library/Core/Src/usbd_ctlreq.o
                0x0000000008007440                USBD_StdItfReq
 .text.USBD_StdEPReq
                0x00000000080074cc      0x2b6 Middlewares/ST/STM32_USB_Device_Library/Core/Src/usbd_ctlreq.o
                0x00000000080074cc                USBD_StdEPReq
 *fill*         0x0000000008007782        0x2 
 .text.USBD_GetDescriptor
                0x0000000008007784      0x1f4 Middlewares/ST/STM32_USB_Device_Library/Core/Src/usbd_ctlreq.o
 .text.USBD_SetAddress
                0x0000000008007978       0x84 Middlewares/ST/STM32_USB_Device_Library/Core/Src/usbd_ctlreq.o
 .text.USBD_SetConfig
                0x00000000080079fc      0x11c Middlewares/ST/STM32_USB_Device_Library/Core/Src/usbd_ctlreq.o
 .text.USBD_GetConfig
                0x0000000008007b18       0x68 Middlewares/ST/STM32_USB_Device_Library/Core/Src/usbd_ctlreq.o
 .text.USBD_GetStatus
                0x0000000008007b80       0x66 Middlewares/ST/STM32_USB_Device_Library/Core/Src/usbd_ctlreq.o
 .text.USBD_SetFeature
                0x0000000008007be6       0x28 Middlewares/ST/STM32_USB_Device_Library/Core/Src/usbd_ctlreq.o
 .text.USBD_ClrFeature
                0x0000000008007c0e       0x42 Middlewares/ST/STM32_USB_Device_Library/Core/Src/usbd_ctlreq.o
 .text.USBD_ParseSetupRequest
                0x0000000008007c50       0x78 Middlewares/ST/STM32_USB_Device_Library/Core/Src/usbd_ctlreq.o
                0x0000000008007c50                USBD_ParseSetupRequest
 .text.USBD_CtlError
                0x0000000008007cc8       0x22 Middlewares/ST/STM32_USB_Device_Library/Core/Src/usbd_ctlreq.o
                0x0000000008007cc8                USBD_CtlError
 .text.USBD_GetString
                0x0000000008007cea       0x84 Middlewares/ST/STM32_USB_Device_Library/Core/Src/usbd_ctlreq.o
                0x0000000008007cea                USBD_GetString
 .text.USBD_GetLen
                0x0000000008007d6e       0x2e Middlewares/ST/STM32_USB_Device_Library/Core/Src/usbd_ctlreq.o
 .text.USBD_CtlSendData
                0x0000000008007d9c       0x38 Middlewares/ST/STM32_USB_Device_Library/Core/Src/usbd_ioreq.o
                0x0000000008007d9c                USBD_CtlSendData
 .text.USBD_CtlContinueSendData
                0x0000000008007dd4       0x24 Middlewares/ST/STM32_USB_Device_Library/Core/Src/usbd_ioreq.o
                0x0000000008007dd4                USBD_CtlContinueSendData
 .text.USBD_CtlPrepareRx
                0x0000000008007df8       0x3c Middlewares/ST/STM32_USB_Device_Library/Core/Src/usbd_ioreq.o
                0x0000000008007df8                USBD_CtlPrepareRx
 .text.USBD_CtlContinueRx
                0x0000000008007e34       0x24 Middlewares/ST/STM32_USB_Device_Library/Core/Src/usbd_ioreq.o
                0x0000000008007e34                USBD_CtlContinueRx
 .text.USBD_CtlSendStatus
                0x0000000008007e58       0x26 Middlewares/ST/STM32_USB_Device_Library/Core/Src/usbd_ioreq.o
                0x0000000008007e58                USBD_CtlSendStatus
 .text.USBD_CtlReceiveStatus
                0x0000000008007e7e       0x26 Middlewares/ST/STM32_USB_Device_Library/Core/Src/usbd_ioreq.o
                0x0000000008007e7e                USBD_CtlReceiveStatus
 .text.MX_USB_DEVICE_Init
                0x0000000008007ea4       0x60 USB_DEVICE/App/usb_device.o
                0x0000000008007ea4                MX_USB_DEVICE_Init
 .text.CUSTOM_HID_Init_FS
                0x0000000008007f04        0xe USB_DEVICE/App/usbd_custom_hid_if.o
 .text.CUSTOM_HID_DeInit_FS
                0x0000000008007f12        0xe USB_DEVICE/App/usbd_custom_hid_if.o
 .text.CUSTOM_HID_OutEvent_FS
                0x0000000008007f20       0x1c USB_DEVICE/App/usbd_custom_hid_if.o
 .text.USBD_FS_DeviceDescriptor
                0x0000000008007f3c       0x24 USB_DEVICE/App/usbd_desc.o
                0x0000000008007f3c                USBD_FS_DeviceDescriptor
 .text.USBD_FS_LangIDStrDescriptor
                0x0000000008007f60       0x24 USB_DEVICE/App/usbd_desc.o
                0x0000000008007f60                USBD_FS_LangIDStrDescriptor
 .text.USBD_FS_ProductStrDescriptor
                0x0000000008007f84       0x3c USB_DEVICE/App/usbd_desc.o
                0x0000000008007f84                USBD_FS_ProductStrDescriptor
 .text.USBD_FS_ManufacturerStrDescriptor
                0x0000000008007fc0       0x28 USB_DEVICE/App/usbd_desc.o
                0x0000000008007fc0                USBD_FS_ManufacturerStrDescriptor
 .text.USBD_FS_SerialStrDescriptor
                0x0000000008007fe8       0x24 USB_DEVICE/App/usbd_desc.o
                0x0000000008007fe8                USBD_FS_SerialStrDescriptor
 .text.USBD_FS_ConfigStrDescriptor
                0x000000000800800c       0x3c USB_DEVICE/App/usbd_desc.o
                0x000000000800800c                USBD_FS_ConfigStrDescriptor
 .text.USBD_FS_InterfaceStrDescriptor
                0x0000000008008048       0x3c USB_DEVICE/App/usbd_desc.o
                0x0000000008008048                USBD_FS_InterfaceStrDescriptor
 .text.Get_SerialNum
                0x0000000008008084       0x58 USB_DEVICE/App/usbd_desc.o
 .text.IntToUnicode
                0x00000000080080dc       0x7a USB_DEVICE/App/usbd_desc.o
 *fill*         0x0000000008008156        0x2 
 .text.HAL_PCDEx_SetConnectionState
                0x0000000008008158       0x3c USB_DEVICE/Target/usbd_conf.o
                0x0000000008008158                HAL_PCDEx_SetConnectionState
 .text.HAL_PCD_MspInit
                0x0000000008008194       0x5c USB_DEVICE/Target/usbd_conf.o
                0x0000000008008194                HAL_PCD_MspInit
 .text.HAL_PCD_SetupStageCallback
                0x00000000080081f0       0x24 USB_DEVICE/Target/usbd_conf.o
                0x00000000080081f0                HAL_PCD_SetupStageCallback
 .text.HAL_PCD_DataOutStageCallback
                0x0000000008008214       0x36 USB_DEVICE/Target/usbd_conf.o
                0x0000000008008214                HAL_PCD_DataOutStageCallback
 .text.HAL_PCD_DataInStageCallback
                0x000000000800824a       0x34 USB_DEVICE/Target/usbd_conf.o
                0x000000000800824a                HAL_PCD_DataInStageCallback
 .text.HAL_PCD_SOFCallback
                0x000000000800827e       0x1c USB_DEVICE/Target/usbd_conf.o
                0x000000000800827e                HAL_PCD_SOFCallback
 .text.HAL_PCD_ResetCallback
                0x000000000800829a       0x3c USB_DEVICE/Target/usbd_conf.o
                0x000000000800829a                HAL_PCD_ResetCallback
 *fill*         0x00000000080082d6        0x2 
 .text.HAL_PCD_SuspendCallback
                0x00000000080082d8       0x34 USB_DEVICE/Target/usbd_conf.o
                0x00000000080082d8                HAL_PCD_SuspendCallback
 .text.HAL_PCD_ResumeCallback
                0x000000000800830c       0x1c USB_DEVICE/Target/usbd_conf.o
                0x000000000800830c                HAL_PCD_ResumeCallback
 .text.USBD_LL_Init
                0x0000000008008328       0xa0 USB_DEVICE/Target/usbd_conf.o
                0x0000000008008328                USBD_LL_Init
 .text.USBD_LL_Start
                0x00000000080083c8       0x36 USB_DEVICE/Target/usbd_conf.o
                0x00000000080083c8                USBD_LL_Start
 .text.USBD_LL_OpenEP
                0x00000000080083fe       0x4c USB_DEVICE/Target/usbd_conf.o
                0x00000000080083fe                USBD_LL_OpenEP
 .text.USBD_LL_CloseEP
                0x000000000800844a       0x3e USB_DEVICE/Target/usbd_conf.o
                0x000000000800844a                USBD_LL_CloseEP
 .text.USBD_LL_StallEP
                0x0000000008008488       0x3e USB_DEVICE/Target/usbd_conf.o
                0x0000000008008488                USBD_LL_StallEP
 .text.USBD_LL_ClearStallEP
                0x00000000080084c6       0x3e USB_DEVICE/Target/usbd_conf.o
                0x00000000080084c6                USBD_LL_ClearStallEP
 .text.USBD_LL_IsStallEP
                0x0000000008008504       0x58 USB_DEVICE/Target/usbd_conf.o
                0x0000000008008504                USBD_LL_IsStallEP
 .text.USBD_LL_SetUSBAddress
                0x000000000800855c       0x3e USB_DEVICE/Target/usbd_conf.o
                0x000000000800855c                USBD_LL_SetUSBAddress
 .text.USBD_LL_Transmit
                0x000000000800859a       0x46 USB_DEVICE/Target/usbd_conf.o
                0x000000000800859a                USBD_LL_Transmit
 .text.USBD_LL_PrepareReceive
                0x00000000080085e0       0x46 USB_DEVICE/Target/usbd_conf.o
                0x00000000080085e0                USBD_LL_PrepareReceive
 *fill*         0x0000000008008626        0x2 
 .text.USBD_static_malloc
                0x0000000008008628       0x18 USB_DEVICE/Target/usbd_conf.o
                0x0000000008008628                USBD_static_malloc
 .text.USBD_static_free
                0x0000000008008640       0x12 USB_DEVICE/Target/usbd_conf.o
                0x0000000008008640                USBD_static_free
 *fill*         0x0000000008008652        0x2 
 .text.USBD_Get_USB_Status
                0x0000000008008654       0x58 USB_DEVICE/Target/usbd_conf.o
 .text.__libc_init_array
                0x00000000080086ac       0x48 c:/st/stm32cubeide_1.5.0/stm32cubeide/plugins/com.st.stm32cube.ide.mcu.externaltools.gnu-tools-for-stm32.7-2018-q2-update.win32_1.5.0.202011040924/tools/bin/../lib/gcc/arm-none-eabi/7.3.1/../../../../arm-none-eabi/lib/thumb/v7-m\libc_nano.a(lib_a-init.o)
                0x00000000080086ac                __libc_init_array
 .text.memset   0x00000000080086f4       0x10 c:/st/stm32cubeide_1.5.0/stm32cubeide/plugins/com.st.stm32cube.ide.mcu.externaltools.gnu-tools-for-stm32.7-2018-q2-update.win32_1.5.0.202011040924/tools/bin/../lib/gcc/arm-none-eabi/7.3.1/../../../../arm-none-eabi/lib/thumb/v7-m\libc_nano.a(lib_a-memset.o)
                0x00000000080086f4                memset
 *(.glue_7)
 .glue_7        0x0000000008008704        0x0 linker stubs
 *(.glue_7t)
 .glue_7t       0x0000000008008704        0x0 linker stubs
 *(.eh_frame)
 .eh_frame      0x0000000008008704        0x0 c:/st/stm32cubeide_1.5.0/stm32cubeide/plugins/com.st.stm32cube.ide.mcu.externaltools.gnu-tools-for-stm32.7-2018-q2-update.win32_1.5.0.202011040924/tools/bin/../lib/gcc/arm-none-eabi/7.3.1/thumb/v7-m/crtbegin.o
 *(.init)
 .init          0x0000000008008704        0x4 c:/st/stm32cubeide_1.5.0/stm32cubeide/plugins/com.st.stm32cube.ide.mcu.externaltools.gnu-tools-for-stm32.7-2018-q2-update.win32_1.5.0.202011040924/tools/bin/../lib/gcc/arm-none-eabi/7.3.1/thumb/v7-m/crti.o
                0x0000000008008704                _init
 .init          0x0000000008008708        0x8 c:/st/stm32cubeide_1.5.0/stm32cubeide/plugins/com.st.stm32cube.ide.mcu.externaltools.gnu-tools-for-stm32.7-2018-q2-update.win32_1.5.0.202011040924/tools/bin/../lib/gcc/arm-none-eabi/7.3.1/thumb/v7-m/crtn.o
 *(.fini)
 .fini          0x0000000008008710        0x4 c:/st/stm32cubeide_1.5.0/stm32cubeide/plugins/com.st.stm32cube.ide.mcu.externaltools.gnu-tools-for-stm32.7-2018-q2-update.win32_1.5.0.202011040924/tools/bin/../lib/gcc/arm-none-eabi/7.3.1/thumb/v7-m/crti.o
                0x0000000008008710                _fini
 .fini          0x0000000008008714        0x8 c:/st/stm32cubeide_1.5.0/stm32cubeide/plugins/com.st.stm32cube.ide.mcu.externaltools.gnu-tools-for-stm32.7-2018-q2-update.win32_1.5.0.202011040924/tools/bin/../lib/gcc/arm-none-eabi/7.3.1/thumb/v7-m/crtn.o
                0x000000000800871c                . = ALIGN (0x4)
                0x000000000800871c                _etext = .

.vfp11_veneer   0x000000000800871c        0x0
 .vfp11_veneer  0x000000000800871c        0x0 linker stubs

.v4_bx          0x000000000800871c        0x0
 .v4_bx         0x000000000800871c        0x0 linker stubs

.iplt           0x000000000800871c        0x0
 .iplt          0x000000000800871c        0x0 c:/st/stm32cubeide_1.5.0/stm32cubeide/plugins/com.st.stm32cube.ide.mcu.externaltools.gnu-tools-for-stm32.7-2018-q2-update.win32_1.5.0.202011040924/tools/bin/../lib/gcc/arm-none-eabi/7.3.1/thumb/v7-m/crtbegin.o

.rodata         0x000000000800871c       0x58
                0x000000000800871c                . = ALIGN (0x4)
 *(.rodata)
 .rodata        0x000000000800871c       0x39 USB_DEVICE/App/usbd_desc.o
 *(.rodata*)
 *fill*         0x0000000008008755        0x3 
 .rodata.PLLMulTable
                0x0000000008008758        0x9 Core/Src/system_stm32l1xx.o
                0x0000000008008758                PLLMulTable
 *fill*         0x0000000008008761        0x3 
 .rodata.AHBPrescTable
                0x0000000008008764       0x10 Core/Src/system_stm32l1xx.o
                0x0000000008008764                AHBPrescTable
                0x0000000008008774                . = ALIGN (0x4)

.ARM.extab      0x0000000008008774        0x0
                0x0000000008008774                . = ALIGN (0x4)
 *(.ARM.extab* .gnu.linkonce.armextab.*)
                0x0000000008008774                . = ALIGN (0x4)

.ARM            0x0000000008008774        0x8
                0x0000000008008774                . = ALIGN (0x4)
                0x0000000008008774                __exidx_start = .
 *(.ARM.exidx*)
 .ARM.exidx     0x0000000008008774        0x8 c:/st/stm32cubeide_1.5.0/stm32cubeide/plugins/com.st.stm32cube.ide.mcu.externaltools.gnu-tools-for-stm32.7-2018-q2-update.win32_1.5.0.202011040924/tools/bin/../lib/gcc/arm-none-eabi/7.3.1/thumb/v7-m\libgcc.a(_udivmoddi4.o)
                0x000000000800877c                __exidx_end = .
                0x000000000800877c                . = ALIGN (0x4)

.rel.dyn        0x000000000800877c        0x0
 .rel.iplt      0x000000000800877c        0x0 c:/st/stm32cubeide_1.5.0/stm32cubeide/plugins/com.st.stm32cube.ide.mcu.externaltools.gnu-tools-for-stm32.7-2018-q2-update.win32_1.5.0.202011040924/tools/bin/../lib/gcc/arm-none-eabi/7.3.1/thumb/v7-m/crtbegin.o

.preinit_array  0x000000000800877c        0x0
                0x000000000800877c                . = ALIGN (0x4)
                0x000000000800877c                PROVIDE (__preinit_array_start = .)
 *(.preinit_array*)
                0x000000000800877c                PROVIDE (__preinit_array_end = .)
                0x000000000800877c                . = ALIGN (0x4)

.init_array     0x000000000800877c        0x4
                0x000000000800877c                . = ALIGN (0x4)
                0x000000000800877c                PROVIDE (__init_array_start = .)
 *(SORT_BY_NAME(.init_array.*))
 *(.init_array*)
 .init_array    0x000000000800877c        0x4 c:/st/stm32cubeide_1.5.0/stm32cubeide/plugins/com.st.stm32cube.ide.mcu.externaltools.gnu-tools-for-stm32.7-2018-q2-update.win32_1.5.0.202011040924/tools/bin/../lib/gcc/arm-none-eabi/7.3.1/thumb/v7-m/crtbegin.o
                0x0000000008008780                PROVIDE (__init_array_end = .)
                0x0000000008008780                . = ALIGN (0x4)

.fini_array     0x0000000008008780        0x4
                0x0000000008008780                . = ALIGN (0x4)
                [!provide]                        PROVIDE (__fini_array_start = .)
 *(SORT_BY_NAME(.fini_array.*))
 *(.fini_array*)
 .fini_array    0x0000000008008780        0x4 c:/st/stm32cubeide_1.5.0/stm32cubeide/plugins/com.st.stm32cube.ide.mcu.externaltools.gnu-tools-for-stm32.7-2018-q2-update.win32_1.5.0.202011040924/tools/bin/../lib/gcc/arm-none-eabi/7.3.1/thumb/v7-m/crtbegin.o
                [!provide]                        PROVIDE (__fini_array_end = .)
                0x0000000008008784                . = ALIGN (0x4)
                0x0000000008008784                _sidata = LOADADDR (.data)

.data           0x0000000020000000      0x184 load address 0x0000000008008784
                0x0000000020000000                . = ALIGN (0x4)
                0x0000000020000000                _sdata = .
 *(.data)
 *(.data*)
 .data.ADC_Channels
                0x0000000020000000        0x2 Core/Src/joystick.o
                0x0000000020000000                ADC_Channels
 *fill*         0x0000000020000002        0x2 
 .data.joy      0x0000000020000004        0x4 Core/Src/main.o
                0x0000000020000004                joy
 .data.USB_Stop
                0x0000000020000008        0x1 Core/Src/main.o
                0x0000000020000008                USB_Stop
 *fill*         0x0000000020000009        0x3 
 .data.SystemCoreClock
                0x000000002000000c        0x4 Core/Src/system_stm32l1xx.o
                0x000000002000000c                SystemCoreClock
 .data.uwTickPrio
                0x0000000020000010        0x4 Drivers/STM32L1xx_HAL_Driver/Src/stm32l1xx_hal.o
                0x0000000020000010                uwTickPrio
 .data.uwTickFreq
                0x0000000020000014        0x4 Drivers/STM32L1xx_HAL_Driver/Src/stm32l1xx_hal.o
                0x0000000020000014                uwTickFreq
 .data.USBD_CUSTOM_HID
                0x0000000020000018       0x38 Middlewares/ST/STM32_USB_Device_Library/Class/CustomHID/Src/usbd_customhid.o
                0x0000000020000018                USBD_CUSTOM_HID
 .data.USBD_CUSTOM_HID_CfgFSDesc
                0x0000000020000050       0x29 Middlewares/ST/STM32_USB_Device_Library/Class/CustomHID/Src/usbd_customhid.o
 *fill*         0x0000000020000079        0x3 
 .data.USBD_CUSTOM_HID_CfgHSDesc
                0x000000002000007c       0x29 Middlewares/ST/STM32_USB_Device_Library/Class/CustomHID/Src/usbd_customhid.o
 *fill*         0x00000000200000a5        0x3 
 .data.USBD_CUSTOM_HID_OtherSpeedCfgDesc
                0x00000000200000a8       0x29 Middlewares/ST/STM32_USB_Device_Library/Class/CustomHID/Src/usbd_customhid.o
 *fill*         0x00000000200000d1        0x3 
 .data.USBD_CUSTOM_HID_Desc
                0x00000000200000d4        0x9 Middlewares/ST/STM32_USB_Device_Library/Class/CustomHID/Src/usbd_customhid.o
 *fill*         0x00000000200000dd        0x3 
 .data.USBD_CUSTOM_HID_DeviceQualifierDesc
                0x00000000200000e0        0xa Middlewares/ST/STM32_USB_Device_Library/Class/CustomHID/Src/usbd_customhid.o
 *fill*         0x00000000200000ea        0x2 
 .data.CUSTOM_HID_ReportDesc_FS
                0x00000000200000ec       0x36 USB_DEVICE/App/usbd_custom_hid_if.o
 *fill*         0x0000000020000122        0x2 
 .data.USBD_CustomHID_fops_FS
                0x0000000020000124       0x10 USB_DEVICE/App/usbd_custom_hid_if.o
                0x0000000020000124                USBD_CustomHID_fops_FS
 .data.FS_Desc  0x0000000020000134       0x1c USB_DEVICE/App/usbd_desc.o
                0x0000000020000134                FS_Desc
 .data.USBD_FS_DeviceDesc
                0x0000000020000150       0x12 USB_DEVICE/App/usbd_desc.o
                0x0000000020000150                USBD_FS_DeviceDesc
 *fill*         0x0000000020000162        0x2 
 .data.USBD_LangIDDesc
                0x0000000020000164        0x4 USB_DEVICE/App/usbd_desc.o
                0x0000000020000164                USBD_LangIDDesc
 .data.USBD_StringSerial
                0x0000000020000168       0x1a USB_DEVICE/App/usbd_desc.o
                0x0000000020000168                USBD_StringSerial
 *(.RamFunc)
 *(.RamFunc*)
                0x0000000020000184                . = ALIGN (0x4)
 *fill*         0x0000000020000182        0x2 
                0x0000000020000184                _edata = .

.igot.plt       0x0000000020000184        0x0 load address 0x0000000008008908
 .igot.plt      0x0000000020000184        0x0 c:/st/stm32cubeide_1.5.0/stm32cubeide/plugins/com.st.stm32cube.ide.mcu.externaltools.gnu-tools-for-stm32.7-2018-q2-update.win32_1.5.0.202011040924/tools/bin/../lib/gcc/arm-none-eabi/7.3.1/thumb/v7-m/crtbegin.o
                0x0000000020000184                . = ALIGN (0x4)

.bss            0x0000000020000184      0x8e0 load address 0x0000000008008908
                0x0000000020000184                _sbss = .
                0x0000000020000184                __bss_start__ = _sbss
 *(.bss)
 .bss           0x0000000020000184       0x1c c:/st/stm32cubeide_1.5.0/stm32cubeide/plugins/com.st.stm32cube.ide.mcu.externaltools.gnu-tools-for-stm32.7-2018-q2-update.win32_1.5.0.202011040924/tools/bin/../lib/gcc/arm-none-eabi/7.3.1/thumb/v7-m/crtbegin.o
 *(.bss*)
 .bss.ADC_Buffer
                0x00000000200001a0        0x8 Core/Src/joystick.o
                0x00000000200001a0                ADC_Buffer
 .bss.cfgidx.8258
                0x00000000200001a8        0x1 Middlewares/ST/STM32_USB_Device_Library/Core/Src/usbd_ctlreq.o
 *fill*         0x00000000200001a9        0x3 
 .bss.mem.8313  0x00000000200001ac       0x20 USB_DEVICE/Target/usbd_conf.o
 *(COMMON)
 COMMON         0x00000000200001cc       0x2c Core/Src/joystick.o
                0x00000000200001cc                js
 COMMON         0x00000000200001f8       0xdd Core/Src/main.o
                0x00000000200001f8                htim2
                0x0000000020000238                hdma_adc
                0x000000002000027c                hadc
                0x00000000200002d0                controllerHID
 *fill*         0x00000000200002d5        0x3 
 COMMON         0x00000000200002d8        0x4 Drivers/STM32L1xx_HAL_Driver/Src/stm32l1xx_hal.o
                0x00000000200002d8                uwTick
 COMMON         0x00000000200002dc      0x29c USB_DEVICE/App/usb_device.o
                0x00000000200002dc                hUsbDeviceFS
 COMMON         0x0000000020000578      0x200 USB_DEVICE/App/usbd_desc.o
                0x0000000020000578                USBD_StrDesc
 COMMON         0x0000000020000778      0x2ec USB_DEVICE/Target/usbd_conf.o
                0x0000000020000778                hpcd_USB_FS
                0x0000000020000a64                . = ALIGN (0x4)
                0x0000000020000a64                _ebss = .
                0x0000000020000a64                __bss_end__ = _ebss

._user_heap_stack
                0x0000000020000a64      0x604 load address 0x0000000008008908
                0x0000000020000a68                . = ALIGN (0x8)
 *fill*         0x0000000020000a64        0x4 
                [!provide]                        PROVIDE (end = .)
                0x0000000020000a68                PROVIDE (_end = .)
                0x0000000020000c68                . = (. + _Min_Heap_Size)
 *fill*         0x0000000020000a68      0x200 
                0x0000000020001068                . = (. + _Min_Stack_Size)
 *fill*         0x0000000020000c68      0x400 
                0x0000000020001068                . = ALIGN (0x8)

/DISCARD/
 libc.a(*)
 libm.a(*)
 libgcc.a(*)

.ARM.attributes
                0x0000000000000000       0x29
 *(.ARM.attributes)
 .ARM.attributes
                0x0000000000000000       0x1d c:/st/stm32cubeide_1.5.0/stm32cubeide/plugins/com.st.stm32cube.ide.mcu.externaltools.gnu-tools-for-stm32.7-2018-q2-update.win32_1.5.0.202011040924/tools/bin/../lib/gcc/arm-none-eabi/7.3.1/thumb/v7-m/crti.o
 .ARM.attributes
                0x000000000000001d       0x2d c:/st/stm32cubeide_1.5.0/stm32cubeide/plugins/com.st.stm32cube.ide.mcu.externaltools.gnu-tools-for-stm32.7-2018-q2-update.win32_1.5.0.202011040924/tools/bin/../lib/gcc/arm-none-eabi/7.3.1/thumb/v7-m/crtbegin.o
 .ARM.attributes
                0x000000000000004a       0x33 Core/Src/joystick.o
 .ARM.attributes
                0x000000000000007d       0x33 Core/Src/main.o
 .ARM.attributes
                0x00000000000000b0       0x33 Core/Src/stm32l1xx_hal_msp.o
 .ARM.attributes
                0x00000000000000e3       0x33 Core/Src/stm32l1xx_it.o
 .ARM.attributes
                0x0000000000000116       0x33 Core/Src/system_stm32l1xx.o
 .ARM.attributes
                0x0000000000000149       0x21 Core/Startup/startup_stm32l151c8txa.o
 .ARM.attributes
                0x000000000000016a       0x33 Drivers/STM32L1xx_HAL_Driver/Src/stm32l1xx_hal.o
 .ARM.attributes
                0x000000000000019d       0x33 Drivers/STM32L1xx_HAL_Driver/Src/stm32l1xx_hal_adc.o
 .ARM.attributes
                0x00000000000001d0       0x33 Drivers/STM32L1xx_HAL_Driver/Src/stm32l1xx_hal_cortex.o
 .ARM.attributes
                0x0000000000000203       0x33 Drivers/STM32L1xx_HAL_Driver/Src/stm32l1xx_hal_dma.o
 .ARM.attributes
                0x0000000000000236       0x33 Drivers/STM32L1xx_HAL_Driver/Src/stm32l1xx_hal_gpio.o
 .ARM.attributes
                0x0000000000000269       0x33 Drivers/STM32L1xx_HAL_Driver/Src/stm32l1xx_hal_pcd.o
 .ARM.attributes
                0x000000000000029c       0x33 Drivers/STM32L1xx_HAL_Driver/Src/stm32l1xx_hal_pcd_ex.o
 .ARM.attributes
                0x00000000000002cf       0x33 Drivers/STM32L1xx_HAL_Driver/Src/stm32l1xx_hal_rcc.o
 .ARM.attributes
                0x0000000000000302       0x33 Drivers/STM32L1xx_HAL_Driver/Src/stm32l1xx_hal_tim.o
 .ARM.attributes
                0x0000000000000335       0x33 Drivers/STM32L1xx_HAL_Driver/Src/stm32l1xx_hal_tim_ex.o
 .ARM.attributes
                0x0000000000000368       0x33 Drivers/STM32L1xx_HAL_Driver/Src/stm32l1xx_ll_usb.o
 .ARM.attributes
                0x000000000000039b       0x33 Middlewares/ST/STM32_USB_Device_Library/Class/CustomHID/Src/usbd_customhid.o
 .ARM.attributes
                0x00000000000003ce       0x33 Middlewares/ST/STM32_USB_Device_Library/Core/Src/usbd_core.o
 .ARM.attributes
                0x0000000000000401       0x33 Middlewares/ST/STM32_USB_Device_Library/Core/Src/usbd_ctlreq.o
 .ARM.attributes
                0x0000000000000434       0x33 Middlewares/ST/STM32_USB_Device_Library/Core/Src/usbd_ioreq.o
 .ARM.attributes
                0x0000000000000467       0x33 USB_DEVICE/App/usb_device.o
 .ARM.attributes
                0x000000000000049a       0x33 USB_DEVICE/App/usbd_custom_hid_if.o
 .ARM.attributes
                0x00000000000004cd       0x33 USB_DEVICE/App/usbd_desc.o
 .ARM.attributes
                0x0000000000000500       0x33 USB_DEVICE/Target/usbd_conf.o
 .ARM.attributes
                0x0000000000000533       0x2d c:/st/stm32cubeide_1.5.0/stm32cubeide/plugins/com.st.stm32cube.ide.mcu.externaltools.gnu-tools-for-stm32.7-2018-q2-update.win32_1.5.0.202011040924/tools/bin/../lib/gcc/arm-none-eabi/7.3.1/../../../../arm-none-eabi/lib/thumb/v7-m\libc_nano.a(lib_a-init.o)
 .ARM.attributes
                0x0000000000000560       0x2d c:/st/stm32cubeide_1.5.0/stm32cubeide/plugins/com.st.stm32cube.ide.mcu.externaltools.gnu-tools-for-stm32.7-2018-q2-update.win32_1.5.0.202011040924/tools/bin/../lib/gcc/arm-none-eabi/7.3.1/../../../../arm-none-eabi/lib/thumb/v7-m\libc_nano.a(lib_a-memset.o)
 .ARM.attributes
                0x000000000000058d       0x1d c:/st/stm32cubeide_1.5.0/stm32cubeide/plugins/com.st.stm32cube.ide.mcu.externaltools.gnu-tools-for-stm32.7-2018-q2-update.win32_1.5.0.202011040924/tools/bin/../lib/gcc/arm-none-eabi/7.3.1/thumb/v7-m\libgcc.a(_aeabi_uldivmod.o)
 .ARM.attributes
                0x00000000000005aa       0x2d c:/st/stm32cubeide_1.5.0/stm32cubeide/plugins/com.st.stm32cube.ide.mcu.externaltools.gnu-tools-for-stm32.7-2018-q2-update.win32_1.5.0.202011040924/tools/bin/../lib/gcc/arm-none-eabi/7.3.1/thumb/v7-m\libgcc.a(_udivmoddi4.o)
 .ARM.attributes
                0x00000000000005d7       0x1d c:/st/stm32cubeide_1.5.0/stm32cubeide/plugins/com.st.stm32cube.ide.mcu.externaltools.gnu-tools-for-stm32.7-2018-q2-update.win32_1.5.0.202011040924/tools/bin/../lib/gcc/arm-none-eabi/7.3.1/thumb/v7-m\libgcc.a(_dvmd_tls.o)
 .ARM.attributes
                0x00000000000005f4       0x1d c:/st/stm32cubeide_1.5.0/stm32cubeide/plugins/com.st.stm32cube.ide.mcu.externaltools.gnu-tools-for-stm32.7-2018-q2-update.win32_1.5.0.202011040924/tools/bin/../lib/gcc/arm-none-eabi/7.3.1/thumb/v7-m/crtn.o
OUTPUT(GMK-Lite.elf elf32-littlearm)

.debug_info     0x0000000000000000    0x16632
 .debug_info    0x0000000000000000      0x457 Core/Src/joystick.o
 .debug_info    0x0000000000000457     0x1d70 Core/Src/main.o
 .debug_info    0x00000000000021c7      0xd95 Core/Src/stm32l1xx_hal_msp.o
 .debug_info    0x0000000000002f5c      0xba8 Core/Src/stm32l1xx_it.o
 .debug_info    0x0000000000003b04      0x473 Core/Src/system_stm32l1xx.o
 .debug_info    0x0000000000003f77       0x22 Core/Startup/startup_stm32l151c8txa.o
 .debug_info    0x0000000000003f99      0x6e9 Drivers/STM32L1xx_HAL_Driver/Src/stm32l1xx_hal.o
 .debug_info    0x0000000000004682      0xebf Drivers/STM32L1xx_HAL_Driver/Src/stm32l1xx_hal_adc.o
 .debug_info    0x0000000000005541      0xd42 Drivers/STM32L1xx_HAL_Driver/Src/stm32l1xx_hal_cortex.o
 .debug_info    0x0000000000006283      0x790 Drivers/STM32L1xx_HAL_Driver/Src/stm32l1xx_hal_dma.o
 .debug_info    0x0000000000006a13      0x69f Drivers/STM32L1xx_HAL_Driver/Src/stm32l1xx_hal_gpio.o
 .debug_info    0x00000000000070b2     0x11d2 Drivers/STM32L1xx_HAL_Driver/Src/stm32l1xx_hal_pcd.o
 .debug_info    0x0000000000008284      0x76a Drivers/STM32L1xx_HAL_Driver/Src/stm32l1xx_hal_pcd_ex.o
 .debug_info    0x00000000000089ee      0x8fe Drivers/STM32L1xx_HAL_Driver/Src/stm32l1xx_hal_rcc.o
 .debug_info    0x00000000000092ec     0x26d1 Drivers/STM32L1xx_HAL_Driver/Src/stm32l1xx_hal_tim.o
 .debug_info    0x000000000000b9bd      0x74f Drivers/STM32L1xx_HAL_Driver/Src/stm32l1xx_hal_tim_ex.o
 .debug_info    0x000000000000c10c     0x188a Drivers/STM32L1xx_HAL_Driver/Src/stm32l1xx_ll_usb.o
 .debug_info    0x000000000000d996     0x125d Middlewares/ST/STM32_USB_Device_Library/Class/CustomHID/Src/usbd_customhid.o
 .debug_info    0x000000000000ebf3     0x11c4 Middlewares/ST/STM32_USB_Device_Library/Core/Src/usbd_core.o
 .debug_info    0x000000000000fdb7     0x1125 Middlewares/ST/STM32_USB_Device_Library/Core/Src/usbd_ctlreq.o
 .debug_info    0x0000000000010edc      0xf25 Middlewares/ST/STM32_USB_Device_Library/Core/Src/usbd_ioreq.o
 .debug_info    0x0000000000011e01      0xe48 USB_DEVICE/App/usb_device.o
 .debug_info    0x0000000000012c49      0xeb5 USB_DEVICE/App/usbd_custom_hid_if.o
 .debug_info    0x0000000000013afe      0xd09 USB_DEVICE/App/usbd_desc.o
 .debug_info    0x0000000000014807     0x1e2b USB_DEVICE/Target/usbd_conf.o

.debug_abbrev   0x0000000000000000     0x3292
 .debug_abbrev  0x0000000000000000      0x1b3 Core/Src/joystick.o
 .debug_abbrev  0x00000000000001b3      0x2dd Core/Src/main.o
 .debug_abbrev  0x0000000000000490      0x1a6 Core/Src/stm32l1xx_hal_msp.o
 .debug_abbrev  0x0000000000000636      0x185 Core/Src/stm32l1xx_it.o
 .debug_abbrev  0x00000000000007bb      0x111 Core/Src/system_stm32l1xx.o
 .debug_abbrev  0x00000000000008cc       0x12 Core/Startup/startup_stm32l151c8txa.o
 .debug_abbrev  0x00000000000008de      0x21b Drivers/STM32L1xx_HAL_Driver/Src/stm32l1xx_hal.o
 .debug_abbrev  0x0000000000000af9      0x244 Drivers/STM32L1xx_HAL_Driver/Src/stm32l1xx_hal_adc.o
 .debug_abbrev  0x0000000000000d3d      0x2fa Drivers/STM32L1xx_HAL_Driver/Src/stm32l1xx_hal_cortex.o
 .debug_abbrev  0x0000000000001037      0x1d9 Drivers/STM32L1xx_HAL_Driver/Src/stm32l1xx_hal_dma.o
 .debug_abbrev  0x0000000000001210      0x1c9 Drivers/STM32L1xx_HAL_Driver/Src/stm32l1xx_hal_gpio.o
 .debug_abbrev  0x00000000000013d9      0x282 Drivers/STM32L1xx_HAL_Driver/Src/stm32l1xx_hal_pcd.o
 .debug_abbrev  0x000000000000165b      0x188 Drivers/STM32L1xx_HAL_Driver/Src/stm32l1xx_hal_pcd_ex.o
 .debug_abbrev  0x00000000000017e3      0x238 Drivers/STM32L1xx_HAL_Driver/Src/stm32l1xx_hal_rcc.o
 .debug_abbrev  0x0000000000001a1b      0x23f Drivers/STM32L1xx_HAL_Driver/Src/stm32l1xx_hal_tim.o
 .debug_abbrev  0x0000000000001c5a      0x173 Drivers/STM32L1xx_HAL_Driver/Src/stm32l1xx_hal_tim_ex.o
 .debug_abbrev  0x0000000000001dcd      0x231 Drivers/STM32L1xx_HAL_Driver/Src/stm32l1xx_ll_usb.o
 .debug_abbrev  0x0000000000001ffe      0x286 Middlewares/ST/STM32_USB_Device_Library/Class/CustomHID/Src/usbd_customhid.o
 .debug_abbrev  0x0000000000002284      0x270 Middlewares/ST/STM32_USB_Device_Library/Core/Src/usbd_core.o
 .debug_abbrev  0x00000000000024f4      0x2a0 Middlewares/ST/STM32_USB_Device_Library/Core/Src/usbd_ctlreq.o
 .debug_abbrev  0x0000000000002794      0x1e0 Middlewares/ST/STM32_USB_Device_Library/Core/Src/usbd_ioreq.o
 .debug_abbrev  0x0000000000002974      0x1be USB_DEVICE/App/usb_device.o
 .debug_abbrev  0x0000000000002b32      0x1f5 USB_DEVICE/App/usbd_custom_hid_if.o
 .debug_abbrev  0x0000000000002d27      0x290 USB_DEVICE/App/usbd_desc.o
 .debug_abbrev  0x0000000000002fb7      0x2db USB_DEVICE/Target/usbd_conf.o

.debug_aranges  0x0000000000000000     0x1050
 .debug_aranges
                0x0000000000000000       0x50 Core/Src/joystick.o
 .debug_aranges
                0x0000000000000050       0x60 Core/Src/main.o
 .debug_aranges
                0x00000000000000b0       0x40 Core/Src/stm32l1xx_hal_msp.o
 .debug_aranges
                0x00000000000000f0       0x80 Core/Src/stm32l1xx_it.o
 .debug_aranges
                0x0000000000000170       0x28 Core/Src/system_stm32l1xx.o
 .debug_aranges
                0x0000000000000198       0x28 Core/Startup/startup_stm32l151c8txa.o
 .debug_aranges
                0x00000000000001c0       0xe0 Drivers/STM32L1xx_HAL_Driver/Src/stm32l1xx_hal.o
 .debug_aranges
                0x00000000000002a0       0xf0 Drivers/STM32L1xx_HAL_Driver/Src/stm32l1xx_hal_adc.o
 .debug_aranges
                0x0000000000000390      0x118 Drivers/STM32L1xx_HAL_Driver/Src/stm32l1xx_hal_cortex.o
 .debug_aranges
                0x00000000000004a8       0x80 Drivers/STM32L1xx_HAL_Driver/Src/stm32l1xx_hal_dma.o
 .debug_aranges
                0x0000000000000528       0x58 Drivers/STM32L1xx_HAL_Driver/Src/stm32l1xx_hal_gpio.o
 .debug_aranges
                0x0000000000000580      0x138 Drivers/STM32L1xx_HAL_Driver/Src/stm32l1xx_hal_pcd.o
 .debug_aranges
                0x00000000000006b8       0x38 Drivers/STM32L1xx_HAL_Driver/Src/stm32l1xx_hal_pcd_ex.o
 .debug_aranges
                0x00000000000006f0       0x90 Drivers/STM32L1xx_HAL_Driver/Src/stm32l1xx_hal_rcc.o
 .debug_aranges
                0x0000000000000780      0x3d0 Drivers/STM32L1xx_HAL_Driver/Src/stm32l1xx_hal_tim.o
 .debug_aranges
                0x0000000000000b50       0x28 Drivers/STM32L1xx_HAL_Driver/Src/stm32l1xx_hal_tim_ex.o
 .debug_aranges
                0x0000000000000b78      0x108 Drivers/STM32L1xx_HAL_Driver/Src/stm32l1xx_ll_usb.o
 .debug_aranges
                0x0000000000000c80       0x78 Middlewares/ST/STM32_USB_Device_Library/Class/CustomHID/Src/usbd_customhid.o
 .debug_aranges
                0x0000000000000cf8       0xb8 Middlewares/ST/STM32_USB_Device_Library/Core/Src/usbd_core.o
 .debug_aranges
                0x0000000000000db0       0x88 Middlewares/ST/STM32_USB_Device_Library/Core/Src/usbd_ctlreq.o
 .debug_aranges
                0x0000000000000e38       0x50 Middlewares/ST/STM32_USB_Device_Library/Core/Src/usbd_ioreq.o
 .debug_aranges
                0x0000000000000e88       0x20 USB_DEVICE/App/usb_device.o
 .debug_aranges
                0x0000000000000ea8       0x30 USB_DEVICE/App/usbd_custom_hid_if.o
 .debug_aranges
                0x0000000000000ed8       0x60 USB_DEVICE/App/usbd_desc.o
 .debug_aranges
                0x0000000000000f38      0x118 USB_DEVICE/Target/usbd_conf.o

.debug_ranges   0x0000000000000000      0xec8
 .debug_ranges  0x0000000000000000       0x40 Core/Src/joystick.o
 .debug_ranges  0x0000000000000040       0x50 Core/Src/main.o
 .debug_ranges  0x0000000000000090       0x30 Core/Src/stm32l1xx_hal_msp.o
 .debug_ranges  0x00000000000000c0       0x70 Core/Src/stm32l1xx_it.o
 .debug_ranges  0x0000000000000130       0x18 Core/Src/system_stm32l1xx.o
 .debug_ranges  0x0000000000000148       0x20 Core/Startup/startup_stm32l151c8txa.o
 .debug_ranges  0x0000000000000168       0xd0 Drivers/STM32L1xx_HAL_Driver/Src/stm32l1xx_hal.o
 .debug_ranges  0x0000000000000238       0xe0 Drivers/STM32L1xx_HAL_Driver/Src/stm32l1xx_hal_adc.o
 .debug_ranges  0x0000000000000318      0x108 Drivers/STM32L1xx_HAL_Driver/Src/stm32l1xx_hal_cortex.o
 .debug_ranges  0x0000000000000420       0x70 Drivers/STM32L1xx_HAL_Driver/Src/stm32l1xx_hal_dma.o
 .debug_ranges  0x0000000000000490       0x48 Drivers/STM32L1xx_HAL_Driver/Src/stm32l1xx_hal_gpio.o
 .debug_ranges  0x00000000000004d8      0x128 Drivers/STM32L1xx_HAL_Driver/Src/stm32l1xx_hal_pcd.o
 .debug_ranges  0x0000000000000600       0x28 Drivers/STM32L1xx_HAL_Driver/Src/stm32l1xx_hal_pcd_ex.o
 .debug_ranges  0x0000000000000628       0x80 Drivers/STM32L1xx_HAL_Driver/Src/stm32l1xx_hal_rcc.o
 .debug_ranges  0x00000000000006a8      0x3c0 Drivers/STM32L1xx_HAL_Driver/Src/stm32l1xx_hal_tim.o
 .debug_ranges  0x0000000000000a68       0x18 Drivers/STM32L1xx_HAL_Driver/Src/stm32l1xx_hal_tim_ex.o
 .debug_ranges  0x0000000000000a80       0xf8 Drivers/STM32L1xx_HAL_Driver/Src/stm32l1xx_ll_usb.o
 .debug_ranges  0x0000000000000b78       0x68 Middlewares/ST/STM32_USB_Device_Library/Class/CustomHID/Src/usbd_customhid.o
 .debug_ranges  0x0000000000000be0       0xa8 Middlewares/ST/STM32_USB_Device_Library/Core/Src/usbd_core.o
 .debug_ranges  0x0000000000000c88       0x78 Middlewares/ST/STM32_USB_Device_Library/Core/Src/usbd_ctlreq.o
 .debug_ranges  0x0000000000000d00       0x40 Middlewares/ST/STM32_USB_Device_Library/Core/Src/usbd_ioreq.o
 .debug_ranges  0x0000000000000d40       0x10 USB_DEVICE/App/usb_device.o
 .debug_ranges  0x0000000000000d50       0x20 USB_DEVICE/App/usbd_custom_hid_if.o
 .debug_ranges  0x0000000000000d70       0x50 USB_DEVICE/App/usbd_desc.o
 .debug_ranges  0x0000000000000dc0      0x108 USB_DEVICE/Target/usbd_conf.o

.debug_macro    0x0000000000000000    0x1799e
 .debug_macro   0x0000000000000000      0x1fc Core/Src/joystick.o
 .debug_macro   0x00000000000001fc      0xa5a Core/Src/joystick.o
 .debug_macro   0x0000000000000c56      0x118 Core/Src/joystick.o
 .debug_macro   0x0000000000000d6e       0x2e Core/Src/joystick.o
 .debug_macro   0x0000000000000d9c       0x22 Core/Src/joystick.o
 .debug_macro   0x0000000000000dbe       0x22 Core/Src/joystick.o
 .debug_macro   0x0000000000000de0       0x8e Core/Src/joystick.o
 .debug_macro   0x0000000000000e6e       0x51 Core/Src/joystick.o
 .debug_macro   0x0000000000000ebf       0xef Core/Src/joystick.o
 .debug_macro   0x0000000000000fae       0x6a Core/Src/joystick.o
 .debug_macro   0x0000000000001018      0x1df Core/Src/joystick.o
 .debug_macro   0x00000000000011f7       0x1c Core/Src/joystick.o
 .debug_macro   0x0000000000001213       0x22 Core/Src/joystick.o
 .debug_macro   0x0000000000001235       0xc3 Core/Src/joystick.o
 .debug_macro   0x00000000000012f8      0xe49 Core/Src/joystick.o
 .debug_macro   0x0000000000002141      0x11f Core/Src/joystick.o
 .debug_macro   0x0000000000002260     0x9c26 Core/Src/joystick.o
 .debug_macro   0x000000000000be86       0x43 Core/Src/joystick.o
 .debug_macro   0x000000000000bec9     0x34a0 Core/Src/joystick.o
 .debug_macro   0x000000000000f369      0x174 Core/Src/joystick.o
 .debug_macro   0x000000000000f4dd       0x5b Core/Src/joystick.o
 .debug_macro   0x000000000000f538      0xe38 Core/Src/joystick.o
 .debug_macro   0x0000000000010370       0xca Core/Src/joystick.o
 .debug_macro   0x000000000001043a      0x13b Core/Src/joystick.o
 .debug_macro   0x0000000000010575       0xa7 Core/Src/joystick.o
 .debug_macro   0x000000000001061c      0x21e Core/Src/joystick.o
 .debug_macro   0x000000000001083a      0x236 Core/Src/joystick.o
 .debug_macro   0x0000000000010a70      0x631 Core/Src/joystick.o
 .debug_macro   0x00000000000110a1      0x15e Core/Src/joystick.o
 .debug_macro   0x00000000000111ff      0x10e Core/Src/joystick.o
 .debug_macro   0x000000000001130d      0x3a0 Core/Src/joystick.o
 .debug_macro   0x00000000000116ad      0x1e9 Core/Src/joystick.o
 .debug_macro   0x0000000000011896       0x22 Core/Src/joystick.o
 .debug_macro   0x00000000000118b8      0x76c Core/Src/joystick.o
 .debug_macro   0x0000000000012024       0x59 Core/Src/joystick.o
 .debug_macro   0x000000000001207d       0x65 Core/Src/joystick.o
 .debug_macro   0x00000000000120e2      0x249 Core/Src/joystick.o
 .debug_macro   0x000000000001232b      0x15c Core/Src/joystick.o
 .debug_macro   0x0000000000012487      0x3dc Core/Src/joystick.o
 .debug_macro   0x0000000000012863       0x34 Core/Src/joystick.o
 .debug_macro   0x0000000000012897      0x3e2 Core/Src/main.o
 .debug_macro   0x0000000000012c79       0x46 Core/Src/main.o
 .debug_macro   0x0000000000012cbf       0x18 Core/Src/main.o
 .debug_macro   0x0000000000012cd7       0x3c Core/Src/main.o
 .debug_macro   0x0000000000012d13       0x34 Core/Src/main.o
 .debug_macro   0x0000000000012d47       0x16 Core/Src/main.o
 .debug_macro   0x0000000000012d5d       0x35 Core/Src/main.o
 .debug_macro   0x0000000000012d92      0x32a Core/Src/main.o
 .debug_macro   0x00000000000130bc       0x10 Core/Src/main.o
 .debug_macro   0x00000000000130cc       0x52 Core/Src/main.o
 .debug_macro   0x000000000001311e       0x1f Core/Src/main.o
 .debug_macro   0x000000000001313d       0x43 Core/Src/main.o
 .debug_macro   0x0000000000013180       0x20 Core/Src/main.o
 .debug_macro   0x00000000000131a0      0x1a3 Core/Src/main.o
 .debug_macro   0x0000000000013343       0x10 Core/Src/main.o
 .debug_macro   0x0000000000013353       0x1c Core/Src/main.o
 .debug_macro   0x000000000001336f       0x52 Core/Src/main.o
 .debug_macro   0x00000000000133c1       0x40 Core/Src/main.o
 .debug_macro   0x0000000000013401       0x10 Core/Src/main.o
 .debug_macro   0x0000000000013411       0x40 Core/Src/main.o
 .debug_macro   0x0000000000013451       0xd7 Core/Src/main.o
 .debug_macro   0x0000000000013528       0x1c Core/Src/main.o
 .debug_macro   0x0000000000013544       0x3d Core/Src/main.o
 .debug_macro   0x0000000000013581       0x16 Core/Src/main.o
 .debug_macro   0x0000000000013597      0x145 Core/Src/main.o
 .debug_macro   0x00000000000136dc       0x16 Core/Src/main.o
 .debug_macro   0x00000000000136f2       0x16 Core/Src/main.o
 .debug_macro   0x0000000000013708       0x29 Core/Src/main.o
 .debug_macro   0x0000000000013731       0x16 Core/Src/main.o
 .debug_macro   0x0000000000013747       0x20 Core/Src/main.o
 .debug_macro   0x0000000000013767       0x6c Core/Src/main.o
 .debug_macro   0x00000000000137d3      0x1d6 Core/Src/main.o
 .debug_macro   0x00000000000139a9      0x1ed Core/Src/stm32l1xx_hal_msp.o
 .debug_macro   0x0000000000013b96      0x1f7 Core/Src/stm32l1xx_it.o
 .debug_macro   0x0000000000013d8d      0x1e3 Core/Src/system_stm32l1xx.o
 .debug_macro   0x0000000000013f70      0x201 Drivers/STM32L1xx_HAL_Driver/Src/stm32l1xx_hal.o
 .debug_macro   0x0000000000014171      0x1fa Drivers/STM32L1xx_HAL_Driver/Src/stm32l1xx_hal_adc.o
 .debug_macro   0x000000000001436b      0x1dd Drivers/STM32L1xx_HAL_Driver/Src/stm32l1xx_hal_cortex.o
 .debug_macro   0x0000000000014548      0x1dd Drivers/STM32L1xx_HAL_Driver/Src/stm32l1xx_hal_dma.o
 .debug_macro   0x0000000000014725      0x215 Drivers/STM32L1xx_HAL_Driver/Src/stm32l1xx_hal_gpio.o
 .debug_macro   0x000000000001493a      0x1e9 Drivers/STM32L1xx_HAL_Driver/Src/stm32l1xx_hal_pcd.o
 .debug_macro   0x0000000000014b23      0x1dd Drivers/STM32L1xx_HAL_Driver/Src/stm32l1xx_hal_pcd_ex.o
 .debug_macro   0x0000000000014d00      0x1ef Drivers/STM32L1xx_HAL_Driver/Src/stm32l1xx_hal_rcc.o
 .debug_macro   0x0000000000014eef      0x1de Drivers/STM32L1xx_HAL_Driver/Src/stm32l1xx_hal_tim.o
 .debug_macro   0x00000000000150cd      0x1dd Drivers/STM32L1xx_HAL_Driver/Src/stm32l1xx_hal_tim_ex.o
 .debug_macro   0x00000000000152aa      0x1dd Drivers/STM32L1xx_HAL_Driver/Src/stm32l1xx_ll_usb.o
 .debug_macro   0x0000000000015487      0x3fa Middlewares/ST/STM32_USB_Device_Library/Class/CustomHID/Src/usbd_customhid.o
 .debug_macro   0x0000000000015881       0x97 Middlewares/ST/STM32_USB_Device_Library/Class/CustomHID/Src/usbd_customhid.o
 .debug_macro   0x0000000000015918       0xfd Middlewares/ST/STM32_USB_Device_Library/Class/CustomHID/Src/usbd_customhid.o
 .debug_macro   0x0000000000015a15       0xbd Middlewares/ST/STM32_USB_Device_Library/Class/CustomHID/Src/usbd_customhid.o
 .debug_macro   0x0000000000015ad2       0x55 Middlewares/ST/STM32_USB_Device_Library/Class/CustomHID/Src/usbd_customhid.o
 .debug_macro   0x0000000000015b27       0x65 Middlewares/ST/STM32_USB_Device_Library/Class/CustomHID/Src/usbd_customhid.o
 .debug_macro   0x0000000000015b8c      0x3e1 Middlewares/ST/STM32_USB_Device_Library/Core/Src/usbd_core.o
 .debug_macro   0x0000000000015f6d      0x1dc Middlewares/ST/STM32_USB_Device_Library/Core/Src/usbd_core.o
 .debug_macro   0x0000000000016149      0x3eb Middlewares/ST/STM32_USB_Device_Library/Core/Src/usbd_ctlreq.o
 .debug_macro   0x0000000000016534      0x3e7 Middlewares/ST/STM32_USB_Device_Library/Core/Src/usbd_ioreq.o
 .debug_macro   0x000000000001691b      0x41a USB_DEVICE/App/usb_device.o
 .debug_macro   0x0000000000016d35       0x10 USB_DEVICE/App/usb_device.o
 .debug_macro   0x0000000000016d45       0x22 USB_DEVICE/App/usb_device.o
 .debug_macro   0x0000000000016d67      0x400 USB_DEVICE/App/usbd_custom_hid_if.o
 .debug_macro   0x0000000000017167      0x41e USB_DEVICE/App/usbd_desc.o
 .debug_macro   0x0000000000017585       0x1c USB_DEVICE/App/usbd_desc.o
 .debug_macro   0x00000000000175a1      0x3fd USB_DEVICE/Target/usbd_conf.o

.debug_line     0x0000000000000000    0x104e9
 .debug_line    0x0000000000000000      0x82d Core/Src/joystick.o
 .debug_line    0x000000000000082d      0xabd Core/Src/main.o
 .debug_line    0x00000000000012ea      0x76b Core/Src/stm32l1xx_hal_msp.o
 .debug_line    0x0000000000001a55      0x7f8 Core/Src/stm32l1xx_it.o
 .debug_line    0x000000000000224d      0x727 Core/Src/system_stm32l1xx.o
 .debug_line    0x0000000000002974       0x85 Core/Startup/startup_stm32l151c8txa.o
 .debug_line    0x00000000000029f9      0x8e6 Drivers/STM32L1xx_HAL_Driver/Src/stm32l1xx_hal.o
 .debug_line    0x00000000000032df      0xba0 Drivers/STM32L1xx_HAL_Driver/Src/stm32l1xx_hal_adc.o
 .debug_line    0x0000000000003e7f      0xa2f Drivers/STM32L1xx_HAL_Driver/Src/stm32l1xx_hal_cortex.o
 .debug_line    0x00000000000048ae      0x910 Drivers/STM32L1xx_HAL_Driver/Src/stm32l1xx_hal_dma.o
 .debug_line    0x00000000000051be      0x898 Drivers/STM32L1xx_HAL_Driver/Src/stm32l1xx_hal_gpio.o
 .debug_line    0x0000000000005a56      0xcf6 Drivers/STM32L1xx_HAL_Driver/Src/stm32l1xx_hal_pcd.o
 .debug_line    0x000000000000674c      0x754 Drivers/STM32L1xx_HAL_Driver/Src/stm32l1xx_hal_pcd_ex.o
 .debug_line    0x0000000000006ea0      0xa10 Drivers/STM32L1xx_HAL_Driver/Src/stm32l1xx_hal_rcc.o
 .debug_line    0x00000000000078b0     0x1ce3 Drivers/STM32L1xx_HAL_Driver/Src/stm32l1xx_hal_tim.o
 .debug_line    0x0000000000009593      0x78d Drivers/STM32L1xx_HAL_Driver/Src/stm32l1xx_hal_tim_ex.o
 .debug_line    0x0000000000009d20      0xdbb Drivers/STM32L1xx_HAL_Driver/Src/stm32l1xx_ll_usb.o
 .debug_line    0x000000000000aadb      0xb75 Middlewares/ST/STM32_USB_Device_Library/Class/CustomHID/Src/usbd_customhid.o
 .debug_line    0x000000000000b650      0xbf9 Middlewares/ST/STM32_USB_Device_Library/Core/Src/usbd_core.o
 .debug_line    0x000000000000c249      0xc5f Middlewares/ST/STM32_USB_Device_Library/Core/Src/usbd_ctlreq.o
 .debug_line    0x000000000000cea8      0xa63 Middlewares/ST/STM32_USB_Device_Library/Core/Src/usbd_ioreq.o
 .debug_line    0x000000000000d90b      0xa58 USB_DEVICE/App/usb_device.o
 .debug_line    0x000000000000e363      0xa5e USB_DEVICE/App/usbd_custom_hid_if.o
 .debug_line    0x000000000000edc1      0xa97 USB_DEVICE/App/usbd_desc.o
 .debug_line    0x000000000000f858      0xc91 USB_DEVICE/Target/usbd_conf.o

.debug_str      0x0000000000000000    0x86acf
 .debug_str     0x0000000000000000    0x7d50e Core/Src/joystick.o
                                      0x7d7a4 (size before relaxing)
 .debug_str     0x000000000007d50e     0x5af9 Core/Src/main.o
                                      0x83406 (size before relaxing)
 .debug_str     0x0000000000083007       0x84 Core/Src/stm32l1xx_hal_msp.o
                                      0x7e0b2 (size before relaxing)
 .debug_str     0x000000000008308b      0x3f5 Core/Src/stm32l1xx_it.o
                                      0x7deaf (size before relaxing)
 .debug_str     0x0000000000083480       0xcb Core/Src/system_stm32l1xx.o
                                      0x7d6f0 (size before relaxing)
 .debug_str     0x000000000008354b       0x37 Core/Startup/startup_stm32l151c8txa.o
                                         0x76 (size before relaxing)
 .debug_str     0x0000000000083582      0x2eb Drivers/STM32L1xx_HAL_Driver/Src/stm32l1xx_hal.o
                                      0x7dccf (size before relaxing)
 .debug_str     0x000000000008386d      0x319 Drivers/STM32L1xx_HAL_Driver/Src/stm32l1xx_hal_adc.o
                                      0x7dde1 (size before relaxing)
 .debug_str     0x0000000000083b86      0x38c Drivers/STM32L1xx_HAL_Driver/Src/stm32l1xx_hal_cortex.o
                                      0x7de01 (size before relaxing)
 .debug_str     0x0000000000083f12      0x252 Drivers/STM32L1xx_HAL_Driver/Src/stm32l1xx_hal_dma.o
                                      0x7da3f (size before relaxing)
 .debug_str     0x0000000000084164      0x22b Drivers/STM32L1xx_HAL_Driver/Src/stm32l1xx_hal_gpio.o
                                      0x7d914 (size before relaxing)
 .debug_str     0x000000000008438f      0x3cc Drivers/STM32L1xx_HAL_Driver/Src/stm32l1xx_hal_pcd.o
                                      0x7dd87 (size before relaxing)
 .debug_str     0x000000000008475b      0x18d Drivers/STM32L1xx_HAL_Driver/Src/stm32l1xx_hal_pcd_ex.o
                                      0x7daed (size before relaxing)
 .debug_str     0x00000000000848e8      0x295 Drivers/STM32L1xx_HAL_Driver/Src/stm32l1xx_hal_rcc.o
                                      0x7daeb (size before relaxing)
 .debug_str     0x0000000000084b7d      0xd9f Drivers/STM32L1xx_HAL_Driver/Src/stm32l1xx_hal_tim.o
                                      0x7e997 (size before relaxing)
 .debug_str     0x000000000008591c       0x7d Drivers/STM32L1xx_HAL_Driver/Src/stm32l1xx_hal_tim_ex.o
                                      0x7db6e (size before relaxing)
 .debug_str     0x0000000000085999      0x2f5 Drivers/STM32L1xx_HAL_Driver/Src/stm32l1xx_ll_usb.o
                                      0x7db5e (size before relaxing)
 .debug_str     0x0000000000085c8e      0x592 Middlewares/ST/STM32_USB_Device_Library/Class/CustomHID/Src/usbd_customhid.o
                                      0x82b33 (size before relaxing)
 .debug_str     0x0000000000086220      0x1b5 Middlewares/ST/STM32_USB_Device_Library/Core/Src/usbd_core.o
                                      0x827af (size before relaxing)
 .debug_str     0x00000000000863d5      0x12f Middlewares/ST/STM32_USB_Device_Library/Core/Src/usbd_ctlreq.o
                                      0x82735 (size before relaxing)
 .debug_str     0x0000000000086504       0xc9 Middlewares/ST/STM32_USB_Device_Library/Core/Src/usbd_ioreq.o
                                      0x826bd (size before relaxing)
 .debug_str     0x00000000000865cd       0xe6 USB_DEVICE/App/usb_device.o
                                      0x8293a (size before relaxing)
 .debug_str     0x00000000000866b3       0x89 USB_DEVICE/App/usbd_custom_hid_if.o
                                      0x828ff (size before relaxing)
 .debug_str     0x000000000008673c      0x24a USB_DEVICE/App/usbd_desc.o
                                      0x8261a (size before relaxing)
 .debug_str     0x0000000000086986      0x149 USB_DEVICE/Target/usbd_conf.o
                                      0x83231 (size before relaxing)

.comment        0x0000000000000000       0x7b
 .comment       0x0000000000000000       0x7b Core/Src/joystick.o
                                         0x7c (size before relaxing)
 .comment       0x000000000000007b       0x7c Core/Src/main.o
 .comment       0x000000000000007b       0x7c Core/Src/stm32l1xx_hal_msp.o
 .comment       0x000000000000007b       0x7c Core/Src/stm32l1xx_it.o
 .comment       0x000000000000007b       0x7c Core/Src/system_stm32l1xx.o
 .comment       0x000000000000007b       0x7c Drivers/STM32L1xx_HAL_Driver/Src/stm32l1xx_hal.o
 .comment       0x000000000000007b       0x7c Drivers/STM32L1xx_HAL_Driver/Src/stm32l1xx_hal_adc.o
 .comment       0x000000000000007b       0x7c Drivers/STM32L1xx_HAL_Driver/Src/stm32l1xx_hal_cortex.o
 .comment       0x000000000000007b       0x7c Drivers/STM32L1xx_HAL_Driver/Src/stm32l1xx_hal_dma.o
 .comment       0x000000000000007b       0x7c Drivers/STM32L1xx_HAL_Driver/Src/stm32l1xx_hal_gpio.o
 .comment       0x000000000000007b       0x7c Drivers/STM32L1xx_HAL_Driver/Src/stm32l1xx_hal_pcd.o
 .comment       0x000000000000007b       0x7c Drivers/STM32L1xx_HAL_Driver/Src/stm32l1xx_hal_pcd_ex.o
 .comment       0x000000000000007b       0x7c Drivers/STM32L1xx_HAL_Driver/Src/stm32l1xx_hal_rcc.o
 .comment       0x000000000000007b       0x7c Drivers/STM32L1xx_HAL_Driver/Src/stm32l1xx_hal_tim.o
 .comment       0x000000000000007b       0x7c Drivers/STM32L1xx_HAL_Driver/Src/stm32l1xx_hal_tim_ex.o
 .comment       0x000000000000007b       0x7c Drivers/STM32L1xx_HAL_Driver/Src/stm32l1xx_ll_usb.o
 .comment       0x000000000000007b       0x7c Middlewares/ST/STM32_USB_Device_Library/Class/CustomHID/Src/usbd_customhid.o
 .comment       0x000000000000007b       0x7c Middlewares/ST/STM32_USB_Device_Library/Core/Src/usbd_core.o
 .comment       0x000000000000007b       0x7c Middlewares/ST/STM32_USB_Device_Library/Core/Src/usbd_ctlreq.o
 .comment       0x000000000000007b       0x7c Middlewares/ST/STM32_USB_Device_Library/Core/Src/usbd_ioreq.o
 .comment       0x000000000000007b       0x7c USB_DEVICE/App/usb_device.o
 .comment       0x000000000000007b       0x7c USB_DEVICE/App/usbd_custom_hid_if.o
 .comment       0x000000000000007b       0x7c USB_DEVICE/App/usbd_desc.o
 .comment       0x000000000000007b       0x7c USB_DEVICE/Target/usbd_conf.o

.debug_frame    0x0000000000000000     0x428c
 .debug_frame   0x0000000000000000      0x120 Core/Src/joystick.o
 .debug_frame   0x0000000000000120      0x140 Core/Src/main.o
 .debug_frame   0x0000000000000260       0xc8 Core/Src/stm32l1xx_hal_msp.o
 .debug_frame   0x0000000000000328      0x174 Core/Src/stm32l1xx_it.o
 .debug_frame   0x000000000000049c       0x58 Core/Src/system_stm32l1xx.o
 .debug_frame   0x00000000000004f4      0x33c Drivers/STM32L1xx_HAL_Driver/Src/stm32l1xx_hal.o
 .debug_frame   0x0000000000000830      0x40c Drivers/STM32L1xx_HAL_Driver/Src/stm32l1xx_hal_adc.o
 .debug_frame   0x0000000000000c3c      0x498 Drivers/STM32L1xx_HAL_Driver/Src/stm32l1xx_hal_cortex.o
 .debug_frame   0x00000000000010d4      0x204 Drivers/STM32L1xx_HAL_Driver/Src/stm32l1xx_hal_dma.o
 .debug_frame   0x00000000000012d8      0x14c Drivers/STM32L1xx_HAL_Driver/Src/stm32l1xx_hal_gpio.o
 .debug_frame   0x0000000000001424      0x578 Drivers/STM32L1xx_HAL_Driver/Src/stm32l1xx_hal_pcd.o
 .debug_frame   0x000000000000199c       0xb0 Drivers/STM32L1xx_HAL_Driver/Src/stm32l1xx_hal_pcd_ex.o
 .debug_frame   0x0000000000001a4c      0x220 Drivers/STM32L1xx_HAL_Driver/Src/stm32l1xx_hal_rcc.o
 .debug_frame   0x0000000000001c6c     0x11ac Drivers/STM32L1xx_HAL_Driver/Src/stm32l1xx_hal_tim.o
 .debug_frame   0x0000000000002e18       0x60 Drivers/STM32L1xx_HAL_Driver/Src/stm32l1xx_hal_tim_ex.o
 .debug_frame   0x0000000000002e78      0x4c8 Drivers/STM32L1xx_HAL_Driver/Src/stm32l1xx_ll_usb.o
 .debug_frame   0x0000000000003340      0x1d8 Middlewares/ST/STM32_USB_Device_Library/Class/CustomHID/Src/usbd_customhid.o
 .debug_frame   0x0000000000003518      0x300 Middlewares/ST/STM32_USB_Device_Library/Core/Src/usbd_core.o
 .debug_frame   0x0000000000003818      0x214 Middlewares/ST/STM32_USB_Device_Library/Core/Src/usbd_ctlreq.o
 .debug_frame   0x0000000000003a2c      0x10c Middlewares/ST/STM32_USB_Device_Library/Core/Src/usbd_ioreq.o
 .debug_frame   0x0000000000003b38       0x2c USB_DEVICE/App/usb_device.o
 .debug_frame   0x0000000000003b64       0x78 USB_DEVICE/App/usbd_custom_hid_if.o
 .debug_frame   0x0000000000003bdc      0x160 USB_DEVICE/App/usbd_desc.o
 .debug_frame   0x0000000000003d3c      0x4a4 USB_DEVICE/Target/usbd_conf.o
 .debug_frame   0x00000000000041e0       0x2c c:/st/stm32cubeide_1.5.0/stm32cubeide/plugins/com.st.stm32cube.ide.mcu.externaltools.gnu-tools-for-stm32.7-2018-q2-update.win32_1.5.0.202011040924/tools/bin/../lib/gcc/arm-none-eabi/7.3.1/../../../../arm-none-eabi/lib/thumb/v7-m\libc_nano.a(lib_a-init.o)
 .debug_frame   0x000000000000420c       0x20 c:/st/stm32cubeide_1.5.0/stm32cubeide/plugins/com.st.stm32cube.ide.mcu.externaltools.gnu-tools-for-stm32.7-2018-q2-update.win32_1.5.0.202011040924/tools/bin/../lib/gcc/arm-none-eabi/7.3.1/../../../../arm-none-eabi/lib/thumb/v7-m\libc_nano.a(lib_a-memset.o)
 .debug_frame   0x000000000000422c       0x2c c:/st/stm32cubeide_1.5.0/stm32cubeide/plugins/com.st.stm32cube.ide.mcu.externaltools.gnu-tools-for-stm32.7-2018-q2-update.win32_1.5.0.202011040924/tools/bin/../lib/gcc/arm-none-eabi/7.3.1/thumb/v7-m\libgcc.a(_aeabi_uldivmod.o)
 .debug_frame   0x0000000000004258       0x34 c:/st/stm32cubeide_1.5.0/stm32cubeide/plugins/com.st.stm32cube.ide.mcu.externaltools.gnu-tools-for-stm32.7-2018-q2-update.win32_1.5.0.202011040924/tools/bin/../lib/gcc/arm-none-eabi/7.3.1/thumb/v7-m\libgcc.a(_udivmoddi4.o)
