stm32l1xx_hal_tim.c:267:19:HAL_TIM_Base_Init	16	static
stm32l1xx_hal_tim.c:325:19:HAL_TIM_Base_DeInit	16	static
stm32l1xx_hal_tim.c:367:13:HAL_TIM_Base_MspInit	16	static
stm32l1xx_hal_tim.c:382:13:HAL_TIM_Base_MspDeInit	16	static
stm32l1xx_hal_tim.c:398:19:HAL_TIM_Base_Start	24	static
stm32l1xx_hal_tim.c:437:19:HAL_TIM_Base_Stop	16	static
stm32l1xx_hal_tim.c:457:19:HAL_TIM_Base_Start_IT	24	static
stm32l1xx_hal_tim.c:499:19:HAL_TIM_Base_Stop_IT	16	static
stm32l1xx_hal_tim.c:524:19:HAL_TIM_Base_Start_DMA	32	static
stm32l1xx_hal_tim.c:591:19:HAL_TIM_Base_Stop_DMA	16	static
stm32l1xx_hal_tim.c:646:19:HAL_TIM_OC_Init	16	static
stm32l1xx_hal_tim.c:704:19:HAL_TIM_OC_DeInit	16	static
stm32l1xx_hal_tim.c:746:13:HAL_TIM_OC_MspInit	16	static
stm32l1xx_hal_tim.c:761:13:HAL_TIM_OC_MspDeInit	16	static
stm32l1xx_hal_tim.c:782:19:HAL_TIM_OC_Start	24	static
stm32l1xx_hal_tim.c:830:19:HAL_TIM_OC_Stop	16	static
stm32l1xx_hal_tim.c:859:19:HAL_TIM_OC_Start_IT	24	static
stm32l1xx_hal_tim.c:941:19:HAL_TIM_OC_Stop_IT	16	static
stm32l1xx_hal_tim.c:1006:19:HAL_TIM_OC_Start_DMA	32	static
stm32l1xx_hal_tim.c:1150:19:HAL_TIM_OC_Stop_DMA	16	static
stm32l1xx_hal_tim.c:1241:19:HAL_TIM_PWM_Init	16	static
stm32l1xx_hal_tim.c:1299:19:HAL_TIM_PWM_DeInit	16	static
stm32l1xx_hal_tim.c:1341:13:HAL_TIM_PWM_MspInit	16	static
stm32l1xx_hal_tim.c:1356:13:HAL_TIM_PWM_MspDeInit	16	static
stm32l1xx_hal_tim.c:1377:19:HAL_TIM_PWM_Start	24	static
stm32l1xx_hal_tim.c:1425:19:HAL_TIM_PWM_Stop	16	static
stm32l1xx_hal_tim.c:1454:19:HAL_TIM_PWM_Start_IT	24	static
stm32l1xx_hal_tim.c:1535:19:HAL_TIM_PWM_Stop_IT	16	static
stm32l1xx_hal_tim.c:1600:19:HAL_TIM_PWM_Start_DMA	32	static
stm32l1xx_hal_tim.c:1743:19:HAL_TIM_PWM_Stop_DMA	16	static
stm32l1xx_hal_tim.c:1834:19:HAL_TIM_IC_Init	16	static
stm32l1xx_hal_tim.c:1892:19:HAL_TIM_IC_DeInit	16	static
stm32l1xx_hal_tim.c:1934:13:HAL_TIM_IC_MspInit	16	static
stm32l1xx_hal_tim.c:1949:13:HAL_TIM_IC_MspDeInit	16	static
stm32l1xx_hal_tim.c:1970:19:HAL_TIM_IC_Start	24	static
stm32l1xx_hal_tim.c:2019:19:HAL_TIM_IC_Stop	16	static
stm32l1xx_hal_tim.c:2048:19:HAL_TIM_IC_Start_IT	24	static
stm32l1xx_hal_tim.c:2130:19:HAL_TIM_IC_Stop_IT	16	static
stm32l1xx_hal_tim.c:2195:19:HAL_TIM_IC_Start_DMA	32	static
stm32l1xx_hal_tim.c:2339:19:HAL_TIM_IC_Stop_DMA	16	static
stm32l1xx_hal_tim.c:2437:19:HAL_TIM_OnePulse_Init	16	static
stm32l1xx_hal_tim.c:2503:19:HAL_TIM_OnePulse_DeInit	16	static
stm32l1xx_hal_tim.c:2546:13:HAL_TIM_OnePulse_MspInit	16	static
stm32l1xx_hal_tim.c:2561:13:HAL_TIM_OnePulse_MspDeInit	16	static
stm32l1xx_hal_tim.c:2580:19:HAL_TIM_OnePulse_Start	24	static
stm32l1xx_hal_tim.c:2624:19:HAL_TIM_OnePulse_Stop	16	static
stm32l1xx_hal_tim.c:2658:19:HAL_TIM_OnePulse_Start_IT	24	static
stm32l1xx_hal_tim.c:2708:19:HAL_TIM_OnePulse_Stop_IT	16	static
stm32l1xx_hal_tim.c:2779:19:HAL_TIM_Encoder_Init	32	static
stm32l1xx_hal_tim.c:2891:19:HAL_TIM_Encoder_DeInit	16	static
stm32l1xx_hal_tim.c:2934:13:HAL_TIM_Encoder_MspInit	16	static
stm32l1xx_hal_tim.c:2949:13:HAL_TIM_Encoder_MspDeInit	16	static
stm32l1xx_hal_tim.c:2969:19:HAL_TIM_Encoder_Start	24	static
stm32l1xx_hal_tim.c:3053:19:HAL_TIM_Encoder_Stop	16	static
stm32l1xx_hal_tim.c:3110:19:HAL_TIM_Encoder_Start_IT	24	static
stm32l1xx_hal_tim.c:3200:19:HAL_TIM_Encoder_Stop_IT	16	static
stm32l1xx_hal_tim.c:3262:19:HAL_TIM_Encoder_Start_DMA	32	static
stm32l1xx_hal_tim.c:3452:19:HAL_TIM_Encoder_Stop_DMA	16	static
stm32l1xx_hal_tim.c:3526:6:HAL_TIM_IRQHandler	16	static
stm32l1xx_hal_tim.c:3714:19:HAL_TIM_OC_ConfigChannel	24	static
stm32l1xx_hal_tim.c:3790:19:HAL_TIM_IC_ConfigChannel	24	static
stm32l1xx_hal_tim.c:3883:19:HAL_TIM_PWM_ConfigChannel	24	static
stm32l1xx_hal_tim.c:3994:19:HAL_TIM_OnePulse_ConfigChannel	40	static
stm32l1xx_hal_tim.c:4128:19:HAL_TIM_DMABurst_WriteStart	32	static
stm32l1xx_hal_tim.c:4172:19:HAL_TIM_DMABurst_MultiWriteStart	24	static
stm32l1xx_hal_tim.c:4325:19:HAL_TIM_DMABurst_WriteStop	24	static
stm32l1xx_hal_tim.c:4417:19:HAL_TIM_DMABurst_ReadStart	32	static
stm32l1xx_hal_tim.c:4461:19:HAL_TIM_DMABurst_MultiReadStart	24	static
stm32l1xx_hal_tim.c:4615:19:HAL_TIM_DMABurst_ReadStop	24	static
stm32l1xx_hal_tim.c:4686:19:HAL_TIM_GenerateEvent	16	static
stm32l1xx_hal_tim.c:4723:19:HAL_TIM_ConfigOCrefClear	24	static
stm32l1xx_hal_tim.c:4856:19:HAL_TIM_ConfigClockSource	24	static
stm32l1xx_hal_tim.c:5008:19:HAL_TIM_ConfigTI1Input	24	static
stm32l1xx_hal_tim.c:5040:19:HAL_TIM_SlaveConfigSynchro	16	static
stm32l1xx_hal_tim.c:5080:19:HAL_TIM_SlaveConfigSynchro_IT	16	static
stm32l1xx_hal_tim.c:5123:10:HAL_TIM_ReadCapturedValue	24	static
stm32l1xx_hal_tim.c:5207:13:HAL_TIM_PeriodElapsedCallback	16	static
stm32l1xx_hal_tim.c:5222:13:HAL_TIM_PeriodElapsedHalfCpltCallback	16	static
stm32l1xx_hal_tim.c:5237:13:HAL_TIM_OC_DelayElapsedCallback	16	static
stm32l1xx_hal_tim.c:5252:13:HAL_TIM_IC_CaptureCallback	16	static
stm32l1xx_hal_tim.c:5267:13:HAL_TIM_IC_CaptureHalfCpltCallback	16	static
stm32l1xx_hal_tim.c:5282:13:HAL_TIM_PWM_PulseFinishedCallback	16	static
stm32l1xx_hal_tim.c:5297:13:HAL_TIM_PWM_PulseFinishedHalfCpltCallback	16	static
stm32l1xx_hal_tim.c:5312:13:HAL_TIM_TriggerCallback	16	static
stm32l1xx_hal_tim.c:5327:13:HAL_TIM_TriggerHalfCpltCallback	16	static
stm32l1xx_hal_tim.c:5342:13:HAL_TIM_ErrorCallback	16	static
stm32l1xx_hal_tim.c:5793:22:HAL_TIM_Base_GetState	16	static
stm32l1xx_hal_tim.c:5803:22:HAL_TIM_OC_GetState	16	static
stm32l1xx_hal_tim.c:5813:22:HAL_TIM_PWM_GetState	16	static
stm32l1xx_hal_tim.c:5823:22:HAL_TIM_IC_GetState	16	static
stm32l1xx_hal_tim.c:5833:22:HAL_TIM_OnePulse_GetState	16	static
stm32l1xx_hal_tim.c:5843:22:HAL_TIM_Encoder_GetState	16	static
stm32l1xx_hal_tim.c:5853:23:HAL_TIM_GetActiveChannel	16	static
stm32l1xx_hal_tim.c:5871:29:HAL_TIM_GetChannelState	24	static
stm32l1xx_hal_tim.c:5888:30:HAL_TIM_DMABurstState	16	static
stm32l1xx_hal_tim.c:5913:6:TIM_DMAError	24	static
stm32l1xx_hal_tim.c:5956:6:TIM_DMADelayPulseCplt	24	static
stm32l1xx_hal_tim.c:6015:6:TIM_DMADelayPulseHalfCplt	24	static
stm32l1xx_hal_tim.c:6054:6:TIM_DMACaptureCplt	24	static
stm32l1xx_hal_tim.c:6113:6:TIM_DMACaptureHalfCplt	24	static
stm32l1xx_hal_tim.c:6152:13:TIM_DMAPeriodElapsedCplt	24	static
stm32l1xx_hal_tim.c:6173:13:TIM_DMAPeriodElapsedHalfCplt	24	static
stm32l1xx_hal_tim.c:6189:13:TIM_DMATriggerCplt	24	static
stm32l1xx_hal_tim.c:6210:13:TIM_DMATriggerHalfCplt	24	static
stm32l1xx_hal_tim.c:6227:6:TIM_Base_SetConfig	24	static
stm32l1xx_hal_tim.c:6269:13:TIM_OC1_SetConfig	32	static
stm32l1xx_hal_tim.c:6316:13:TIM_OC2_SetConfig	32	static
stm32l1xx_hal_tim.c:6364:13:TIM_OC3_SetConfig	32	static
stm32l1xx_hal_tim.c:6411:13:TIM_OC4_SetConfig	32	static
stm32l1xx_hal_tim.c:6459:26:TIM_SlaveTimer_SetConfig	32	static
stm32l1xx_hal_tim.c:6590:13:TIM_TI1_SetConfig	32	static
stm32l1xx_hal_tim.c:6637:13:TIM_TI1_ConfigInputStage	32	static
stm32l1xx_hal_tim.c:6680:13:TIM_TI2_SetConfig	32	static
stm32l1xx_hal_tim.c:6720:13:TIM_TI2_ConfigInputStage	32	static
stm32l1xx_hal_tim.c:6763:13:TIM_TI3_SetConfig	32	static
stm32l1xx_hal_tim.c:6811:13:TIM_TI4_SetConfig	32	static
stm32l1xx_hal_tim.c:6854:13:TIM_ITRx_SetConfig	24	static
stm32l1xx_hal_tim.c:6884:13:TIM_ETR_SetConfig	32	static
stm32l1xx_hal_tim.c:6914:13:TIM_CCxChannelCmd	32	static
