stm32l1xx_hal_pcd.c:122:19:HAL_PCD_Init	64	static
stm32l1xx_hal_pcd.c:209:19:HAL_PCD_DeInit	16	static
stm32l1xx_hal_pcd.c:248:13:HAL_PCD_MspInit	16	static
stm32l1xx_hal_pcd.c:263:13:HAL_PCD_MspDeInit	16	static
stm32l1xx_hal_pcd.c:813:19:HAL_PCD_Start	16	static
stm32l1xx_hal_pcd.c:831:19:HAL_PCD_Stop	16	static
stm32l1xx_hal_pcd.c:850:6:HAL_PCD_IRQHandler	16	static
stm32l1xx_hal_pcd.c:937:6:HAL_PCD_WKUP_IRQHandler	16	static
stm32l1xx_hal_pcd.c:950:13:HAL_PCD_DataOutStageCallback	16	static
stm32l1xx_hal_pcd.c:967:13:HAL_PCD_DataInStageCallback	16	static
stm32l1xx_hal_pcd.c:982:13:HAL_PCD_SetupStageCallback	16	static
stm32l1xx_hal_pcd.c:997:13:HAL_PCD_SOFCallback	16	static
stm32l1xx_hal_pcd.c:1012:13:HAL_PCD_ResetCallback	16	static
stm32l1xx_hal_pcd.c:1027:13:HAL_PCD_SuspendCallback	16	static
stm32l1xx_hal_pcd.c:1042:13:HAL_PCD_ResumeCallback	16	static
stm32l1xx_hal_pcd.c:1058:13:HAL_PCD_ISOOUTIncompleteCallback	16	static
stm32l1xx_hal_pcd.c:1075:13:HAL_PCD_ISOINIncompleteCallback	16	static
stm32l1xx_hal_pcd.c:1091:13:HAL_PCD_ConnectCallback	16	static
stm32l1xx_hal_pcd.c:1106:13:HAL_PCD_DisconnectCallback	16	static
stm32l1xx_hal_pcd.c:1140:19:HAL_PCD_DevConnect	16	static
stm32l1xx_hal_pcd.c:1157:19:HAL_PCD_DevDisconnect	16	static
stm32l1xx_hal_pcd.c:1175:19:HAL_PCD_SetAddress	16	static
stm32l1xx_hal_pcd.c:1192:19:HAL_PCD_EP_Open	24	static
stm32l1xx_hal_pcd.c:1236:19:HAL_PCD_EP_Close	24	static
stm32l1xx_hal_pcd.c:1267:19:HAL_PCD_EP_Receive	32	static
stm32l1xx_hal_pcd.c:1298:10:HAL_PCD_EP_GetRxCount	16	static
stm32l1xx_hal_pcd.c:1310:19:HAL_PCD_EP_Transmit	32	static
stm32l1xx_hal_pcd.c:1343:19:HAL_PCD_EP_SetStall	24	static
stm32l1xx_hal_pcd.c:1384:19:HAL_PCD_EP_ClrStall	24	static
stm32l1xx_hal_pcd.c:1420:19:HAL_PCD_EP_Flush	16	static
stm32l1xx_hal_pcd.c:1434:19:HAL_PCD_ActivateRemoteWakeup	16	static
stm32l1xx_hal_pcd.c:1444:19:HAL_PCD_DeActivateRemoteWakeup	16	static
stm32l1xx_hal_pcd.c:1473:18:HAL_PCD_GetState	16	static
stm32l1xx_hal_pcd.c:1497:26:PCD_EP_ISR_Handler	64	static
stm32l1xx_hal_pcd.c:1731:17:HAL_PCD_EP_DB_Receive	40	static
stm32l1xx_hal_pcd.c:1812:26:HAL_PCD_EP_DB_Transmit	80	static
