stm32l1xx_hal.c:140:19:HAL_Init	16	static
stm32l1xx_hal.c:173:19:HAL_DeInit	8	static
stm32l1xx_hal.c:196:13:HAL_MspInit	4	static
stm32l1xx_hal.c:207:13:HAL_MspDeInit	4	static
stm32l1xx_hal.c:230:26:HAL_InitTick	24	static
stm32l1xx_hal.c:297:13:HAL_IncTick	4	static
stm32l1xx_hal.c:308:17:HAL_GetTick	4	static
stm32l1xx_hal.c:317:10:HAL_GetTickPrio	4	static
stm32l1xx_hal.c:327:19:HAL_SetTickFreq	24	static
stm32l1xx_hal.c:359:10:HAL_GetTickFreq	4	static
stm32l1xx_hal.c:375:13:HAL_Delay	24	static
stm32l1xx_hal.c:401:13:HAL_SuspendTick	4	static
stm32l1xx_hal.c:417:13:HAL_ResumeTick	4	static
stm32l1xx_hal.c:427:10:HAL_GetHalVersion	4	static
stm32l1xx_hal.c:436:10:HAL_GetREVID	4	static
stm32l1xx_hal.c:445:10:HAL_GetDEVID	4	static
stm32l1xx_hal.c:454:10:HAL_GetUIDw0	4	static
stm32l1xx_hal.c:463:10:HAL_GetUIDw1	4	static
stm32l1xx_hal.c:472:10:HAL_GetUIDw2	4	static
stm32l1xx_hal.c:501:6:HAL_DBGMCU_EnableDBGSleepMode	4	static
stm32l1xx_hal.c:510:6:HAL_DBGMCU_DisableDBGSleepMode	4	static
stm32l1xx_hal.c:519:6:HAL_DBGMCU_EnableDBGStopMode	4	static
stm32l1xx_hal.c:528:6:HAL_DBGMCU_DisableDBGStopMode	4	static
stm32l1xx_hal.c:537:6:HAL_DBGMCU_EnableDBGStandbyMode	4	static
stm32l1xx_hal.c:546:6:HAL_DBGMCU_DisableDBGStandbyMode	4	static
